[0.955s] DEBUG:colcon:Command line arguments: ['/usr/bin/colcon', 'build', '--packages-select', 'my_robot_comms']
[0.955s] DEBUG:colcon:Parsed command line arguments: Namespace(log_base=None, log_level=None, verb_name='build', build_base='build', install_base='install', merge_install=False, symlink_install=False, test_result_base=None, continue_on_error=False, executor='parallel', parallel_workers=4, event_handlers=None, ignore_user_meta=False, metas=['./colcon.meta'], base_paths=['.'], packages_ignore=None, packages_ignore_regex=None, paths=None, packages_up_to=None, packages_up_to_regex=None, packages_above=None, packages_above_and_dependencies=None, packages_above_depth=None, packages_select_by_dep=None, packages_skip_by_dep=None, packages_skip_up_to=None, packages_select_build_failed=False, packages_skip_build_finished=False, packages_select_test_failures=False, packages_skip_test_passed=False, packages_select=['my_robot_comms'], packages_skip=None, packages_select_regex=None, packages_skip_regex=None, packages_start=None, packages_end=None, allow_overriding=[], cmake_args=None, cmake_target=None, cmake_target_skip_unavailable=False, cmake_clean_cache=False, cmake_clean_first=False, cmake_force_configure=False, ament_cmake_args=None, catkin_cmake_args=None, catkin_skip_building_tests=False, mixin_files=None, mixin=None, verb_parser=<colcon_mixin.mixin.mixin_argument.MixinArgumentDecorator object at 0xffffb55ea140>, verb_extension=<colcon_core.verb.build.BuildVerb object at 0xffffb579f130>, main=<bound method BuildVerb.main of <colcon_core.verb.build.BuildVerb object at 0xffffb579f130>>, mixin_verb=('build',))
[2.657s] Level 1:colcon.colcon_core.package_discovery:discover_packages(colcon_meta) check parameters
[2.658s] Level 1:colcon.colcon_core.package_discovery:discover_packages(recursive) check parameters
[2.658s] Level 1:colcon.colcon_core.package_discovery:discover_packages(ignore) check parameters
[2.659s] Level 1:colcon.colcon_core.package_discovery:discover_packages(path) check parameters
[2.659s] Level 1:colcon.colcon_core.package_discovery:discover_packages(colcon_meta) discover
[2.659s] Level 1:colcon.colcon_core.package_discovery:discover_packages(recursive) discover
[2.660s] INFO:colcon.colcon_core.package_discovery:Crawling recursively for packages in '/home/huy/ros_ws'
[2.661s] Level 1:colcon.colcon_core.package_identification:_identify(.) by extensions ['ignore', 'ignore_ament_install']
[2.661s] Level 1:colcon.colcon_core.package_identification:_identify(.) by extension 'ignore'
[2.662s] Level 1:colcon.colcon_core.package_identification:_identify(.) by extension 'ignore_ament_install'
[2.662s] Level 1:colcon.colcon_core.package_identification:_identify(.) by extensions ['colcon_pkg']
[2.663s] Level 1:colcon.colcon_core.package_identification:_identify(.) by extension 'colcon_pkg'
[2.663s] Level 1:colcon.colcon_core.package_identification:_identify(.) by extensions ['colcon_meta']
[2.664s] Level 1:colcon.colcon_core.package_identification:_identify(.) by extension 'colcon_meta'
[2.664s] Level 1:colcon.colcon_core.package_identification:_identify(.) by extensions ['ros']
[2.664s] Level 1:colcon.colcon_core.package_identification:_identify(.) by extension 'ros'
[2.737s] Level 1:colcon.colcon_core.package_identification:_identify(.) by extensions ['cmake', 'python']
[2.737s] Level 1:colcon.colcon_core.package_identification:_identify(.) by extension 'cmake'
[2.738s] Level 1:colcon.colcon_core.package_identification:_identify(.) by extension 'python'
[2.738s] Level 1:colcon.colcon_core.package_identification:_identify(.) by extensions ['python_setup_py']
[2.739s] Level 1:colcon.colcon_core.package_identification:_identify(.) by extension 'python_setup_py'
[2.740s] Level 1:colcon.colcon_core.package_identification:_identify(build) by extensions ['ignore', 'ignore_ament_install']
[2.740s] Level 1:colcon.colcon_core.package_identification:_identify(build) by extension 'ignore'
[2.741s] Level 1:colcon.colcon_core.package_identification:_identify(build) ignored
[2.742s] Level 1:colcon.colcon_core.package_identification:_identify(install) by extensions ['ignore', 'ignore_ament_install']
[2.743s] Level 1:colcon.colcon_core.package_identification:_identify(install) by extension 'ignore'
[2.743s] Level 1:colcon.colcon_core.package_identification:_identify(install) ignored
[2.744s] Level 1:colcon.colcon_core.package_identification:_identify(log) by extensions ['ignore', 'ignore_ament_install']
[2.745s] Level 1:colcon.colcon_core.package_identification:_identify(log) by extension 'ignore'
[2.745s] Level 1:colcon.colcon_core.package_identification:_identify(log) ignored
[2.746s] Level 1:colcon.colcon_core.package_identification:_identify(src) by extensions ['ignore', 'ignore_ament_install']
[2.747s] Level 1:colcon.colcon_core.package_identification:_identify(src) by extension 'ignore'
[2.747s] Level 1:colcon.colcon_core.package_identification:_identify(src) by extension 'ignore_ament_install'
[2.748s] Level 1:colcon.colcon_core.package_identification:_identify(src) by extensions ['colcon_pkg']
[2.748s] Level 1:colcon.colcon_core.package_identification:_identify(src) by extension 'colcon_pkg'
[2.749s] Level 1:colcon.colcon_core.package_identification:_identify(src) by extensions ['colcon_meta']
[2.749s] Level 1:colcon.colcon_core.package_identification:_identify(src) by extension 'colcon_meta'
[2.749s] Level 1:colcon.colcon_core.package_identification:_identify(src) by extensions ['ros']
[2.749s] Level 1:colcon.colcon_core.package_identification:_identify(src) by extension 'ros'
[2.750s] Level 1:colcon.colcon_core.package_identification:_identify(src) by extensions ['cmake', 'python']
[2.750s] Level 1:colcon.colcon_core.package_identification:_identify(src) by extension 'cmake'
[2.751s] Level 1:colcon.colcon_core.package_identification:_identify(src) by extension 'python'
[2.751s] Level 1:colcon.colcon_core.package_identification:_identify(src) by extensions ['python_setup_py']
[2.752s] Level 1:colcon.colcon_core.package_identification:_identify(src) by extension 'python_setup_py'
[2.753s] Level 1:colcon.colcon_core.package_identification:_identify(src/mqtt_bridge) by extensions ['ignore', 'ignore_ament_install']
[2.753s] Level 1:colcon.colcon_core.package_identification:_identify(src/mqtt_bridge) by extension 'ignore'
[2.754s] Level 1:colcon.colcon_core.package_identification:_identify(src/mqtt_bridge) by extension 'ignore_ament_install'
[2.754s] Level 1:colcon.colcon_core.package_identification:_identify(src/mqtt_bridge) by extensions ['colcon_pkg']
[2.755s] Level 1:colcon.colcon_core.package_identification:_identify(src/mqtt_bridge) by extension 'colcon_pkg'
[2.755s] Level 1:colcon.colcon_core.package_identification:_identify(src/mqtt_bridge) by extensions ['colcon_meta']
[2.755s] Level 1:colcon.colcon_core.package_identification:_identify(src/mqtt_bridge) by extension 'colcon_meta'
[2.756s] Level 1:colcon.colcon_core.package_identification:_identify(src/mqtt_bridge) by extensions ['ros']
[2.756s] Level 1:colcon.colcon_core.package_identification:_identify(src/mqtt_bridge) by extension 'ros'
[2.768s] DEBUG:colcon.colcon_core.package_identification:Package 'src/mqtt_bridge' with type 'ros.ament_python' and name 'mqtt_bridge'
[2.769s] Level 1:colcon.colcon_core.package_identification:_identify(src/my_python_pkg) by extensions ['ignore', 'ignore_ament_install']
[2.770s] Level 1:colcon.colcon_core.package_identification:_identify(src/my_python_pkg) by extension 'ignore'
[2.771s] Level 1:colcon.colcon_core.package_identification:_identify(src/my_python_pkg) by extension 'ignore_ament_install'
[2.771s] Level 1:colcon.colcon_core.package_identification:_identify(src/my_python_pkg) by extensions ['colcon_pkg']
[2.772s] Level 1:colcon.colcon_core.package_identification:_identify(src/my_python_pkg) by extension 'colcon_pkg'
[2.772s] Level 1:colcon.colcon_core.package_identification:_identify(src/my_python_pkg) by extensions ['colcon_meta']
[2.772s] Level 1:colcon.colcon_core.package_identification:_identify(src/my_python_pkg) by extension 'colcon_meta'
[2.773s] Level 1:colcon.colcon_core.package_identification:_identify(src/my_python_pkg) by extensions ['ros']
[2.773s] Level 1:colcon.colcon_core.package_identification:_identify(src/my_python_pkg) by extension 'ros'
[2.777s] DEBUG:colcon.colcon_core.package_identification:Package 'src/my_python_pkg' with type 'ros.ament_python' and name 'my_python_pkg'
[2.778s] Level 1:colcon.colcon_core.package_identification:_identify(src/my_robot_comms) by extensions ['ignore', 'ignore_ament_install']
[2.779s] Level 1:colcon.colcon_core.package_identification:_identify(src/my_robot_comms) by extension 'ignore'
[2.779s] Level 1:colcon.colcon_core.package_identification:_identify(src/my_robot_comms) by extension 'ignore_ament_install'
[2.780s] Level 1:colcon.colcon_core.package_identification:_identify(src/my_robot_comms) by extensions ['colcon_pkg']
[2.780s] Level 1:colcon.colcon_core.package_identification:_identify(src/my_robot_comms) by extension 'colcon_pkg'
[2.781s] Level 1:colcon.colcon_core.package_identification:_identify(src/my_robot_comms) by extensions ['colcon_meta']
[2.781s] Level 1:colcon.colcon_core.package_identification:_identify(src/my_robot_comms) by extension 'colcon_meta'
[2.782s] Level 1:colcon.colcon_core.package_identification:_identify(src/my_robot_comms) by extensions ['ros']
[2.782s] Level 1:colcon.colcon_core.package_identification:_identify(src/my_robot_comms) by extension 'ros'
[2.787s] DEBUG:colcon.colcon_core.package_identification:Package 'src/my_robot_comms' with type 'ros.ament_python' and name 'my_robot_comms'
[2.789s] Level 1:colcon.colcon_core.package_identification:_identify(src/my_robot_description) by extensions ['ignore', 'ignore_ament_install']
[2.792s] Level 1:colcon.colcon_core.package_identification:_identify(src/my_robot_description) by extension 'ignore'
[2.793s] Level 1:colcon.colcon_core.package_identification:_identify(src/my_robot_description) by extension 'ignore_ament_install'
[2.794s] Level 1:colcon.colcon_core.package_identification:_identify(src/my_robot_description) by extensions ['colcon_pkg']
[2.794s] Level 1:colcon.colcon_core.package_identification:_identify(src/my_robot_description) by extension 'colcon_pkg'
[2.795s] Level 1:colcon.colcon_core.package_identification:_identify(src/my_robot_description) by extensions ['colcon_meta']
[2.795s] Level 1:colcon.colcon_core.package_identification:_identify(src/my_robot_description) by extension 'colcon_meta'
[2.796s] Level 1:colcon.colcon_core.package_identification:_identify(src/my_robot_description) by extensions ['ros']
[2.796s] Level 1:colcon.colcon_core.package_identification:_identify(src/my_robot_description) by extension 'ros'
[2.799s] DEBUG:colcon.colcon_core.package_identification:Package 'src/my_robot_description' with type 'ros.ament_cmake' and name 'my_robot_description'
[2.800s] Level 1:colcon.colcon_core.package_identification:_identify(src/rplidar_ros) by extensions ['ignore', 'ignore_ament_install']
[2.800s] Level 1:colcon.colcon_core.package_identification:_identify(src/rplidar_ros) by extension 'ignore'
[2.801s] Level 1:colcon.colcon_core.package_identification:_identify(src/rplidar_ros) by extension 'ignore_ament_install'
[2.802s] Level 1:colcon.colcon_core.package_identification:_identify(src/rplidar_ros) by extensions ['colcon_pkg']
[2.802s] Level 1:colcon.colcon_core.package_identification:_identify(src/rplidar_ros) by extension 'colcon_pkg'
[2.802s] Level 1:colcon.colcon_core.package_identification:_identify(src/rplidar_ros) by extensions ['colcon_meta']
[2.803s] Level 1:colcon.colcon_core.package_identification:_identify(src/rplidar_ros) by extension 'colcon_meta'
[2.803s] Level 1:colcon.colcon_core.package_identification:_identify(src/rplidar_ros) by extensions ['ros']
[2.804s] Level 1:colcon.colcon_core.package_identification:_identify(src/rplidar_ros) by extension 'ros'
[2.807s] DEBUG:colcon.colcon_core.package_identification:Package 'src/rplidar_ros' with type 'ros.ament_cmake' and name 'rplidar_ros'
[2.807s] Level 1:colcon.colcon_core.package_discovery:discover_packages(recursive) using defaults
[2.808s] Level 1:colcon.colcon_core.package_discovery:discover_packages(ignore) discover
[2.808s] Level 1:colcon.colcon_core.package_discovery:discover_packages(ignore) using defaults
[2.808s] Level 1:colcon.colcon_core.package_discovery:discover_packages(path) discover
[2.809s] Level 1:colcon.colcon_core.package_discovery:discover_packages(path) using defaults
[3.008s] INFO:colcon.colcon_core.package_selection:Skipping not selected package 'mqtt_bridge' in 'src/mqtt_bridge'
[3.009s] INFO:colcon.colcon_core.package_selection:Skipping not selected package 'my_python_pkg' in 'src/my_python_pkg'
[3.009s] INFO:colcon.colcon_core.package_selection:Skipping not selected package 'my_robot_description' in 'src/my_robot_description'
[3.010s] INFO:colcon.colcon_core.package_selection:Skipping not selected package 'rplidar_ros' in 'src/rplidar_ros'
[3.013s] Level 1:colcon.colcon_core.package_discovery:discover_packages(prefix_path) check parameters
[3.014s] Level 1:colcon.colcon_core.package_discovery:discover_packages(prefix_path) discover
[3.023s] WARNING:colcon.colcon_ros.prefix_path.ament:The path '/home/huy/ros_ws/install/my_robot_comms' in the environment variable AMENT_PREFIX_PATH doesn't exist
[3.036s] DEBUG:colcon.colcon_installed_package_information.package_discovery:Found 0 installed packages in /home/huy/ros_ws/install
[3.048s] DEBUG:colcon.colcon_installed_package_information.package_discovery:Found 332 installed packages in /opt/ros/humble
[3.059s] Level 1:colcon.colcon_core.package_discovery:discover_packages(prefix_path) using defaults
[3.522s] Level 5:colcon.colcon_core.verb:set package 'my_robot_comms' build argument 'cmake_args' from command line to 'None'
[3.522s] Level 5:colcon.colcon_core.verb:set package 'my_robot_comms' build argument 'cmake_target' from command line to 'None'
[3.523s] Level 5:colcon.colcon_core.verb:set package 'my_robot_comms' build argument 'cmake_target_skip_unavailable' from command line to 'False'
[3.523s] Level 5:colcon.colcon_core.verb:set package 'my_robot_comms' build argument 'cmake_clean_cache' from command line to 'False'
[3.523s] Level 5:colcon.colcon_core.verb:set package 'my_robot_comms' build argument 'cmake_clean_first' from command line to 'False'
[3.524s] Level 5:colcon.colcon_core.verb:set package 'my_robot_comms' build argument 'cmake_force_configure' from command line to 'False'
[3.524s] Level 5:colcon.colcon_core.verb:set package 'my_robot_comms' build argument 'ament_cmake_args' from command line to 'None'
[3.524s] Level 5:colcon.colcon_core.verb:set package 'my_robot_comms' build argument 'catkin_cmake_args' from command line to 'None'
[3.524s] Level 5:colcon.colcon_core.verb:set package 'my_robot_comms' build argument 'catkin_skip_building_tests' from command line to 'False'
[3.525s] DEBUG:colcon.colcon_core.verb:Building package 'my_robot_comms' with the following arguments: {'ament_cmake_args': None, 'build_base': '/home/huy/ros_ws/build/my_robot_comms', 'catkin_cmake_args': None, 'catkin_skip_building_tests': False, 'cmake_args': None, 'cmake_clean_cache': False, 'cmake_clean_first': False, 'cmake_force_configure': False, 'cmake_target': None, 'cmake_target_skip_unavailable': False, 'install_base': '/home/huy/ros_ws/install/my_robot_comms', 'merge_install': False, 'path': '/home/huy/ros_ws/src/my_robot_comms', 'symlink_install': False, 'test_result_base': None}
[3.526s] INFO:colcon.colcon_core.executor:Executing jobs using 'parallel' executor
[3.538s] DEBUG:colcon.colcon_parallel_executor.executor.parallel:run_until_complete
[3.540s] INFO:colcon.colcon_ros.task.ament_python.build:Building ROS package in '/home/huy/ros_ws/src/my_robot_comms' with build type 'ament_python'
[3.540s] Level 1:colcon.colcon_core.shell:create_environment_hook('my_robot_comms', 'ament_prefix_path')
[3.564s] INFO:colcon.colcon_core.plugin_system:Skipping extension 'colcon_core.shell.bat': Not used on non-Windows systems
[3.580s] INFO:colcon.colcon_core.shell:Creating environment hook '/home/huy/ros_ws/install/my_robot_comms/share/my_robot_comms/hook/ament_prefix_path.ps1'
[3.585s] INFO:colcon.colcon_core.shell:Creating environment descriptor '/home/huy/ros_ws/install/my_robot_comms/share/my_robot_comms/hook/ament_prefix_path.dsv'
[3.589s] INFO:colcon.colcon_core.shell:Creating environment hook '/home/huy/ros_ws/install/my_robot_comms/share/my_robot_comms/hook/ament_prefix_path.sh'
[3.594s] INFO:colcon.colcon_core.shell:Skip shell extension 'powershell' for command environment: Not usable outside of PowerShell
[3.594s] DEBUG:colcon.colcon_core.shell:Skip shell extension 'dsv' for command environment
[6.236s] INFO:colcon.colcon_core.task.python.build:Building Python package in '/home/huy/ros_ws/src/my_robot_comms'
[6.238s] INFO:colcon.colcon_core.shell:Skip shell extension 'powershell' for command environment: Not usable outside of PowerShell
[6.239s] DEBUG:colcon.colcon_core.shell:Skip shell extension 'dsv' for command environment
[9.163s] DEBUG:colcon.colcon_core.event_handler.log_command:Invoking command in '/home/huy/ros_ws/src/my_robot_comms': PYTHONPATH=/home/huy/ros_ws/build/my_robot_comms/prefix_override:/usr/lib/python3/dist-packages/colcon_core/task/python/colcon_distutils_commands:/home/huy/ros_ws/install/my_robot_comms/lib/python3.10/site-packages:${PYTHONPATH} /usr/bin/python3 -W ignore:setup.py install is deprecated -W ignore:easy_install command is deprecated setup.py egg_info --egg-base ../../build/my_robot_comms build --build-base /home/huy/ros_ws/build/my_robot_comms/build install --record /home/huy/ros_ws/build/my_robot_comms/install.log --single-version-externally-managed install_data
[11.333s] DEBUG:colcon.colcon_core.event_handler.log_command:Invoked command in '/home/huy/ros_ws/src/my_robot_comms' returned '0': PYTHONPATH=/home/huy/ros_ws/build/my_robot_comms/prefix_override:/usr/lib/python3/dist-packages/colcon_core/task/python/colcon_distutils_commands:/home/huy/ros_ws/install/my_robot_comms/lib/python3.10/site-packages:${PYTHONPATH} /usr/bin/python3 -W ignore:setup.py install is deprecated -W ignore:easy_install command is deprecated setup.py egg_info --egg-base ../../build/my_robot_comms build --build-base /home/huy/ros_ws/build/my_robot_comms/build install --record /home/huy/ros_ws/build/my_robot_comms/install.log --single-version-externally-managed install_data
[11.345s] Level 1:colcon.colcon_core.environment:checking '/home/huy/ros_ws/install/my_robot_comms' for CMake module files
[11.348s] Level 1:colcon.colcon_core.environment:checking '/home/huy/ros_ws/install/my_robot_comms' for CMake config files
[11.353s] Level 1:colcon.colcon_core.environment:checking '/home/huy/ros_ws/install/my_robot_comms/lib'
[11.354s] Level 1:colcon.colcon_core.environment:checking '/home/huy/ros_ws/install/my_robot_comms/bin'
[11.355s] Level 1:colcon.colcon_core.environment:checking '/home/huy/ros_ws/install/my_robot_comms/lib/pkgconfig/my_robot_comms.pc'
[11.356s] Level 1:colcon.colcon_core.environment:checking '/home/huy/ros_ws/install/my_robot_comms/lib/python3.10/site-packages'
[11.357s] Level 1:colcon.colcon_core.shell:create_environment_hook('my_robot_comms', 'pythonpath')
[11.358s] INFO:colcon.colcon_core.shell:Creating environment hook '/home/huy/ros_ws/install/my_robot_comms/share/my_robot_comms/hook/pythonpath.ps1'
[11.361s] INFO:colcon.colcon_core.shell:Creating environment descriptor '/home/huy/ros_ws/install/my_robot_comms/share/my_robot_comms/hook/pythonpath.dsv'
[11.363s] INFO:colcon.colcon_core.shell:Creating environment hook '/home/huy/ros_ws/install/my_robot_comms/share/my_robot_comms/hook/pythonpath.sh'
[11.367s] Level 1:colcon.colcon_core.environment:checking '/home/huy/ros_ws/install/my_robot_comms/bin'
[11.367s] Level 1:colcon.colcon_core.environment:create_environment_scripts_only(my_robot_comms)
[11.368s] INFO:colcon.colcon_core.shell:Creating package script '/home/huy/ros_ws/install/my_robot_comms/share/my_robot_comms/package.ps1'
[11.372s] INFO:colcon.colcon_core.shell:Creating package descriptor '/home/huy/ros_ws/install/my_robot_comms/share/my_robot_comms/package.dsv'
[11.376s] INFO:colcon.colcon_core.shell:Creating package script '/home/huy/ros_ws/install/my_robot_comms/share/my_robot_comms/package.sh'
[11.381s] INFO:colcon.colcon_core.shell:Creating package script '/home/huy/ros_ws/install/my_robot_comms/share/my_robot_comms/package.bash'
[11.388s] INFO:colcon.colcon_core.shell:Creating package script '/home/huy/ros_ws/install/my_robot_comms/share/my_robot_comms/package.zsh'
[11.391s] Level 1:colcon.colcon_core.environment:create_file_with_runtime_dependencies(/home/huy/ros_ws/install/my_robot_comms/share/colcon-core/packages/my_robot_comms)
[11.393s] DEBUG:colcon.colcon_parallel_executor.executor.parallel:closing loop
[11.395s] DEBUG:colcon.colcon_parallel_executor.executor.parallel:loop closed
[11.395s] DEBUG:colcon.colcon_parallel_executor.executor.parallel:run_until_complete finished with '0'
[11.397s] DEBUG:colcon.colcon_core.event_reactor:joining thread
[11.426s] INFO:colcon.colcon_core.plugin_system:Skipping extension 'colcon_notification.desktop_notification.terminal_notifier': Not used on non-Darwin systems
[11.427s] INFO:colcon.colcon_core.plugin_system:Skipping extension 'colcon_notification.desktop_notification.win32': Not used on non-Windows systems
[11.427s] INFO:colcon.colcon_notification.desktop_notification:Sending desktop notification using 'notify2'
[11.545s] DEBUG:colcon.colcon_core.event_reactor:joined thread
[11.546s] INFO:colcon.colcon_core.shell:Creating prefix script '/home/huy/ros_ws/install/local_setup.ps1'
[11.566s] INFO:colcon.colcon_core.shell:Creating prefix util module '/home/huy/ros_ws/install/_local_setup_util_ps1.py'
[11.578s] INFO:colcon.colcon_core.shell:Creating prefix chain script '/home/huy/ros_ws/install/setup.ps1'
[11.589s] INFO:colcon.colcon_core.shell:Creating prefix script '/home/huy/ros_ws/install/local_setup.sh'
[11.592s] INFO:colcon.colcon_core.shell:Creating prefix util module '/home/huy/ros_ws/install/_local_setup_util_sh.py'
[11.597s] INFO:colcon.colcon_core.shell:Creating prefix chain script '/home/huy/ros_ws/install/setup.sh'
[11.610s] INFO:colcon.colcon_core.shell:Creating prefix script '/home/huy/ros_ws/install/local_setup.bash'
[11.613s] INFO:colcon.colcon_core.shell:Creating prefix chain script '/home/huy/ros_ws/install/setup.bash'
[11.619s] INFO:colcon.colcon_core.shell:Creating prefix script '/home/huy/ros_ws/install/local_setup.zsh'
[11.622s] INFO:colcon.colcon_core.shell:Creating prefix chain script '/home/huy/ros_ws/install/setup.zsh'
