running develop
running egg_info
creating my_robot_comms.egg-info
writing my_robot_comms.egg-info/PKG-INFO
writing dependency_links to my_robot_comms.egg-info/dependency_links.txt
writing entry points to my_robot_comms.egg-info/entry_points.txt
writing requirements to my_robot_comms.egg-info/requires.txt
writing top-level names to my_robot_comms.egg-info/top_level.txt
writing manifest file 'my_robot_comms.egg-info/SOURCES.txt'
reading manifest file 'my_robot_comms.egg-info/SOURCES.txt'
writing manifest file 'my_robot_comms.egg-info/SOURCES.txt'
running build_ext
Creating /home/huy/ros_ws/install/my_robot_comms/lib/python3.10/site-packages/my-robot-comms.egg-link (link to .)
Installing handle_data_web script to /home/huy/ros_ws/install/my_robot_comms/lib/my_robot_comms
Installing serial_bridge script to /home/huy/ros_ws/install/my_robot_comms/lib/my_robot_comms
Installing web_receiver script to /home/huy/ros_ws/install/my_robot_comms/lib/my_robot_comms

Installed /home/huy/ros_ws/build/my_robot_comms
running symlink_data
creating /home/huy/ros_ws/install/my_robot_comms/share/ament_index
creating /home/huy/ros_ws/install/my_robot_comms/share/ament_index/resource_index
creating /home/huy/ros_ws/install/my_robot_comms/share/ament_index/resource_index/packages
symbolically linking /home/huy/ros_ws/build/my_robot_comms/resource/my_robot_comms -> /home/huy/ros_ws/install/my_robot_comms/share/ament_index/resource_index/packages
symbolically linking /home/huy/ros_ws/build/my_robot_comms/package.xml -> /home/huy/ros_ws/install/my_robot_comms/share/my_robot_comms
creating /home/huy/ros_ws/install/my_robot_comms/share/my_robot_comms/launch
symbolically linking /home/huy/ros_ws/build/my_robot_comms/launch/receiver.launch.py -> /home/huy/ros_ws/install/my_robot_comms/share/my_robot_comms/launch
