/home/huy/ros_ws/install/my_robot_comms/lib/python3.10/site-packages/my_robot_comms/serial_bridge_node.py
/home/huy/ros_ws/install/my_robot_comms/lib/python3.10/site-packages/my_robot_comms/__init__.py
/home/huy/ros_ws/install/my_robot_comms/lib/python3.10/site-packages/my_robot_comms/handle_data_web.py
/home/huy/ros_ws/install/my_robot_comms/lib/python3.10/site-packages/my_robot_comms/web_receiver.py
/home/huy/ros_ws/install/my_robot_comms/lib/python3.10/site-packages/my_robot_comms/__pycache__/serial_bridge_node.cpython-310.pyc
/home/huy/ros_ws/install/my_robot_comms/lib/python3.10/site-packages/my_robot_comms/__pycache__/__init__.cpython-310.pyc
/home/huy/ros_ws/install/my_robot_comms/lib/python3.10/site-packages/my_robot_comms/__pycache__/handle_data_web.cpython-310.pyc
/home/huy/ros_ws/install/my_robot_comms/lib/python3.10/site-packages/my_robot_comms/__pycache__/web_receiver.cpython-310.pyc
/home/huy/ros_ws/install/my_robot_comms/share/ament_index/resource_index/packages/my_robot_comms
/home/huy/ros_ws/install/my_robot_comms/share/my_robot_comms/package.xml
/home/huy/ros_ws/install/my_robot_comms/share/my_robot_comms/launch/receiver.launch.py
/home/huy/ros_ws/install/my_robot_comms/lib/python3.10/site-packages/my_robot_comms-0.0.0-py3.10.egg-info/zip-safe
/home/huy/ros_ws/install/my_robot_comms/lib/python3.10/site-packages/my_robot_comms-0.0.0-py3.10.egg-info/PKG-INFO
/home/huy/ros_ws/install/my_robot_comms/lib/python3.10/site-packages/my_robot_comms-0.0.0-py3.10.egg-info/top_level.txt
/home/huy/ros_ws/install/my_robot_comms/lib/python3.10/site-packages/my_robot_comms-0.0.0-py3.10.egg-info/requires.txt
/home/huy/ros_ws/install/my_robot_comms/lib/python3.10/site-packages/my_robot_comms-0.0.0-py3.10.egg-info/entry_points.txt
/home/huy/ros_ws/install/my_robot_comms/lib/python3.10/site-packages/my_robot_comms-0.0.0-py3.10.egg-info/dependency_links.txt
/home/huy/ros_ws/install/my_robot_comms/lib/python3.10/site-packages/my_robot_comms-0.0.0-py3.10.egg-info/SOURCES.txt
/home/huy/ros_ws/install/my_robot_comms/lib/my_robot_comms/handle_data_web
/home/huy/ros_ws/install/my_robot_comms/lib/my_robot_comms/serial_bridge
/home/huy/ros_ws/install/my_robot_comms/lib/my_robot_comms/web_receiver
