[4.032s] Invoking command in '/home/huy/ros_ws/src/my_robot_comms': PYTHONPATH=/home/huy/ros_ws/build/my_robot_comms/prefix_override:/usr/lib/python3/dist-packages/colcon_core/task/python/colcon_distutils_commands:/home/huy/ros_ws/install/my_robot_comms/lib/python3.10/site-packages:${PYTHONPATH} /usr/bin/python3 -W ignore:setup.py install is deprecated -W ignore:easy_install command is deprecated setup.py egg_info --egg-base ../../build/my_robot_comms build --build-base /home/huy/ros_ws/build/my_robot_comms/build install --record /home/huy/ros_ws/build/my_robot_comms/install.log --single-version-externally-managed install_data
[5.262s] running egg_info
[5.264s] creating ../../build/my_robot_comms/my_robot_comms.egg-info
[5.265s] writing ../../build/my_robot_comms/my_robot_comms.egg-info/PKG-INFO
[5.266s] writing dependency_links to ../../build/my_robot_comms/my_robot_comms.egg-info/dependency_links.txt
[5.267s] writing entry points to ../../build/my_robot_comms/my_robot_comms.egg-info/entry_points.txt
[5.268s] writing requirements to ../../build/my_robot_comms/my_robot_comms.egg-info/requires.txt
[5.268s] writing top-level names to ../../build/my_robot_comms/my_robot_comms.egg-info/top_level.txt
[5.269s] writing manifest file '../../build/my_robot_comms/my_robot_comms.egg-info/SOURCES.txt'
[5.280s] reading manifest file '../../build/my_robot_comms/my_robot_comms.egg-info/SOURCES.txt'
[5.284s] writing manifest file '../../build/my_robot_comms/my_robot_comms.egg-info/SOURCES.txt'
[5.284s] running build
[5.285s] running build_py
[5.285s] creating /home/huy/ros_ws/build/my_robot_comms/build
[5.286s] creating /home/huy/ros_ws/build/my_robot_comms/build/lib
[5.286s] creating /home/huy/ros_ws/build/my_robot_comms/build/lib/my_robot_comms
[5.287s] copying my_robot_comms/serial_bridge_node.py -> /home/huy/ros_ws/build/my_robot_comms/build/lib/my_robot_comms
[5.287s] copying my_robot_comms/__init__.py -> /home/huy/ros_ws/build/my_robot_comms/build/lib/my_robot_comms
[5.287s] copying my_robot_comms/handle_data_web.py -> /home/huy/ros_ws/build/my_robot_comms/build/lib/my_robot_comms
[5.288s] copying my_robot_comms/web_receiver.py -> /home/huy/ros_ws/build/my_robot_comms/build/lib/my_robot_comms
[5.290s] running install
[5.291s] running install_lib
[5.294s] creating /home/huy/ros_ws/install/my_robot_comms/lib/python3.10/site-packages/my_robot_comms
[5.300s] copying /home/huy/ros_ws/build/my_robot_comms/build/lib/my_robot_comms/serial_bridge_node.py -> /home/huy/ros_ws/install/my_robot_comms/lib/python3.10/site-packages/my_robot_comms
[5.301s] copying /home/huy/ros_ws/build/my_robot_comms/build/lib/my_robot_comms/__init__.py -> /home/huy/ros_ws/install/my_robot_comms/lib/python3.10/site-packages/my_robot_comms
[5.302s] copying /home/huy/ros_ws/build/my_robot_comms/build/lib/my_robot_comms/handle_data_web.py -> /home/huy/ros_ws/install/my_robot_comms/lib/python3.10/site-packages/my_robot_comms
[5.305s] copying /home/huy/ros_ws/build/my_robot_comms/build/lib/my_robot_comms/web_receiver.py -> /home/huy/ros_ws/install/my_robot_comms/lib/python3.10/site-packages/my_robot_comms
[5.305s] byte-compiling /home/huy/ros_ws/install/my_robot_comms/lib/python3.10/site-packages/my_robot_comms/serial_bridge_node.py to serial_bridge_node.cpython-310.pyc
[5.314s] byte-compiling /home/huy/ros_ws/install/my_robot_comms/lib/python3.10/site-packages/my_robot_comms/__init__.py to __init__.cpython-310.pyc
[5.315s] byte-compiling /home/huy/ros_ws/install/my_robot_comms/lib/python3.10/site-packages/my_robot_comms/handle_data_web.py to handle_data_web.cpython-310.pyc
[5.321s] byte-compiling /home/huy/ros_ws/install/my_robot_comms/lib/python3.10/site-packages/my_robot_comms/web_receiver.py to web_receiver.cpython-310.pyc
[5.326s] running install_data
[5.326s] creating /home/huy/ros_ws/install/my_robot_comms/share/ament_index
[5.327s] creating /home/huy/ros_ws/install/my_robot_comms/share/ament_index/resource_index
[5.327s] creating /home/huy/ros_ws/install/my_robot_comms/share/ament_index/resource_index/packages
[5.327s] copying resource/my_robot_comms -> /home/huy/ros_ws/install/my_robot_comms/share/ament_index/resource_index/packages
[5.328s] copying package.xml -> /home/huy/ros_ws/install/my_robot_comms/share/my_robot_comms
[5.329s] creating /home/huy/ros_ws/install/my_robot_comms/share/my_robot_comms/launch
[5.330s] copying launch/receiver.launch.py -> /home/huy/ros_ws/install/my_robot_comms/share/my_robot_comms/launch
[5.330s] running install_egg_info
[5.337s] Copying ../../build/my_robot_comms/my_robot_comms.egg-info to /home/huy/ros_ws/install/my_robot_comms/lib/python3.10/site-packages/my_robot_comms-0.0.0-py3.10.egg-info
[5.343s] running install_scripts
[5.426s] Installing handle_data_web script to /home/huy/ros_ws/install/my_robot_comms/lib/my_robot_comms
[5.427s] Installing serial_bridge script to /home/huy/ros_ws/install/my_robot_comms/lib/my_robot_comms
[5.428s] Installing web_receiver script to /home/huy/ros_ws/install/my_robot_comms/lib/my_robot_comms
[5.429s] writing list of installed files to '/home/huy/ros_ws/build/my_robot_comms/install.log'
[5.558s] Invoked command in '/home/huy/ros_ws/src/my_robot_comms' returned '0': PYTHONPATH=/home/huy/ros_ws/build/my_robot_comms/prefix_override:/usr/lib/python3/dist-packages/colcon_core/task/python/colcon_distutils_commands:/home/huy/ros_ws/install/my_robot_comms/lib/python3.10/site-packages:${PYTHONPATH} /usr/bin/python3 -W ignore:setup.py install is deprecated -W ignore:easy_install command is deprecated setup.py egg_info --egg-base ../../build/my_robot_comms build --build-base /home/huy/ros_ws/build/my_robot_comms/build install --record /home/huy/ros_ws/build/my_robot_comms/install.log --single-version-externally-managed install_data
