[5.609s] Invoking command in '/home/huy/ros_ws/src/my_robot_comms': PYTHONPATH=/home/huy/ros_ws/build/my_robot_comms/prefix_override:/usr/lib/python3/dist-packages/colcon_core/task/python/colcon_distutils_commands:/home/huy/ros_ws/install/my_robot_comms/lib/python3.10/site-packages:${PYTHONPATH} /usr/bin/python3 -W ignore:setup.py install is deprecated -W ignore:easy_install command is deprecated setup.py egg_info --egg-base ../../build/my_robot_comms build --build-base /home/huy/ros_ws/build/my_robot_comms/build install --record /home/huy/ros_ws/build/my_robot_comms/install.log --single-version-externally-managed install_data
[7.440s] running egg_info
[7.443s] creating ../../build/my_robot_comms/my_robot_comms.egg-info
[7.444s] writing ../../build/my_robot_comms/my_robot_comms.egg-info/PKG-INFO
[7.446s] writing dependency_links to ../../build/my_robot_comms/my_robot_comms.egg-info/dependency_links.txt
[7.449s] writing entry points to ../../build/my_robot_comms/my_robot_comms.egg-info/entry_points.txt
[7.452s] writing requirements to ../../build/my_robot_comms/my_robot_comms.egg-info/requires.txt
[7.452s] writing top-level names to ../../build/my_robot_comms/my_robot_comms.egg-info/top_level.txt
[7.453s] writing manifest file '../../build/my_robot_comms/my_robot_comms.egg-info/SOURCES.txt'
[7.465s] reading manifest file '../../build/my_robot_comms/my_robot_comms.egg-info/SOURCES.txt'
[7.469s] writing manifest file '../../build/my_robot_comms/my_robot_comms.egg-info/SOURCES.txt'
[7.470s] running build
[7.470s] running build_py
[7.471s] creating /home/huy/ros_ws/build/my_robot_comms/build
[7.472s] creating /home/huy/ros_ws/build/my_robot_comms/build/lib
[7.472s] creating /home/huy/ros_ws/build/my_robot_comms/build/lib/my_robot_comms
[7.473s] copying my_robot_comms/serial_bridge_node.py -> /home/huy/ros_ws/build/my_robot_comms/build/lib/my_robot_comms
[7.473s] copying my_robot_comms/__init__.py -> /home/huy/ros_ws/build/my_robot_comms/build/lib/my_robot_comms
[7.474s] copying my_robot_comms/handle_data_web.py -> /home/huy/ros_ws/build/my_robot_comms/build/lib/my_robot_comms
[7.475s] copying my_robot_comms/web_receiver.py -> /home/huy/ros_ws/build/my_robot_comms/build/lib/my_robot_comms
[7.476s] running install
[7.478s] running install_lib
[7.485s] creating /home/huy/ros_ws/install/my_robot_comms/lib/python3.10/site-packages/my_robot_comms
[7.485s] copying /home/huy/ros_ws/build/my_robot_comms/build/lib/my_robot_comms/serial_bridge_node.py -> /home/huy/ros_ws/install/my_robot_comms/lib/python3.10/site-packages/my_robot_comms
[7.486s] copying /home/huy/ros_ws/build/my_robot_comms/build/lib/my_robot_comms/__init__.py -> /home/huy/ros_ws/install/my_robot_comms/lib/python3.10/site-packages/my_robot_comms
[7.487s] copying /home/huy/ros_ws/build/my_robot_comms/build/lib/my_robot_comms/handle_data_web.py -> /home/huy/ros_ws/install/my_robot_comms/lib/python3.10/site-packages/my_robot_comms
[7.487s] copying /home/huy/ros_ws/build/my_robot_comms/build/lib/my_robot_comms/web_receiver.py -> /home/huy/ros_ws/install/my_robot_comms/lib/python3.10/site-packages/my_robot_comms
[7.490s] byte-compiling /home/huy/ros_ws/install/my_robot_comms/lib/python3.10/site-packages/my_robot_comms/serial_bridge_node.py to serial_bridge_node.cpython-310.pyc
[7.498s] byte-compiling /home/huy/ros_ws/install/my_robot_comms/lib/python3.10/site-packages/my_robot_comms/__init__.py to __init__.cpython-310.pyc
[7.499s] byte-compiling /home/huy/ros_ws/install/my_robot_comms/lib/python3.10/site-packages/my_robot_comms/handle_data_web.py to handle_data_web.cpython-310.pyc
[7.505s] byte-compiling /home/huy/ros_ws/install/my_robot_comms/lib/python3.10/site-packages/my_robot_comms/web_receiver.py to web_receiver.cpython-310.pyc
[7.509s] running install_data
[7.511s] creating /home/huy/ros_ws/install/my_robot_comms/share/ament_index
[7.512s] creating /home/huy/ros_ws/install/my_robot_comms/share/ament_index/resource_index
[7.513s] creating /home/huy/ros_ws/install/my_robot_comms/share/ament_index/resource_index/packages
[7.514s] copying resource/my_robot_comms -> /home/huy/ros_ws/install/my_robot_comms/share/ament_index/resource_index/packages
[7.514s] copying package.xml -> /home/huy/ros_ws/install/my_robot_comms/share/my_robot_comms
[7.515s] creating /home/huy/ros_ws/install/my_robot_comms/share/my_robot_comms/launch
[7.515s] copying launch/receiver.launch.py -> /home/huy/ros_ws/install/my_robot_comms/share/my_robot_comms/launch
[7.516s] running install_egg_info
[7.524s] Copying ../../build/my_robot_comms/my_robot_comms.egg-info to /home/huy/ros_ws/install/my_robot_comms/lib/python3.10/site-packages/my_robot_comms-0.0.0-py3.10.egg-info
[7.542s] running install_scripts
[7.630s] Installing handle_data_web script to /home/huy/ros_ws/install/my_robot_comms/lib/my_robot_comms
[7.632s] Installing serial_bridge script to /home/huy/ros_ws/install/my_robot_comms/lib/my_robot_comms
[7.633s] Installing web_receiver script to /home/huy/ros_ws/install/my_robot_comms/lib/my_robot_comms
[7.635s] writing list of installed files to '/home/huy/ros_ws/build/my_robot_comms/install.log'
[7.780s] Invoked command in '/home/huy/ros_ws/src/my_robot_comms' returned '0': PYTHONPATH=/home/huy/ros_ws/build/my_robot_comms/prefix_override:/usr/lib/python3/dist-packages/colcon_core/task/python/colcon_distutils_commands:/home/huy/ros_ws/install/my_robot_comms/lib/python3.10/site-packages:${PYTHONPATH} /usr/bin/python3 -W ignore:setup.py install is deprecated -W ignore:easy_install command is deprecated setup.py egg_info --egg-base ../../build/my_robot_comms build --build-base /home/huy/ros_ws/build/my_robot_comms/build install --record /home/huy/ros_ws/build/my_robot_comms/install.log --single-version-externally-managed install_data
