[4.071s] Invoking command in '/home/huy/ros_ws/src/my_robot_comms': PYTHONPATH=/home/huy/ros_ws/build/my_robot_comms/prefix_override:/usr/lib/python3/dist-packages/colcon_core/task/python/colcon_distutils_commands:/home/huy/ros_ws/install/my_robot_comms/lib/python3.10/site-packages:${PYTHONPATH} /usr/bin/python3 -W ignore:setup.py install is deprecated -W ignore:easy_install command is deprecated setup.py egg_info --egg-base ../../build/my_robot_comms build --build-base /home/huy/ros_ws/build/my_robot_comms/build install --record /home/huy/ros_ws/build/my_robot_comms/install.log --single-version-externally-managed install_data
[5.501s] running egg_info
[5.505s] creating ../../build/my_robot_comms/my_robot_comms.egg-info
[5.505s] writing ../../build/my_robot_comms/my_robot_comms.egg-info/PKG-INFO
[5.506s] writing dependency_links to ../../build/my_robot_comms/my_robot_comms.egg-info/dependency_links.txt
[5.507s] writing entry points to ../../build/my_robot_comms/my_robot_comms.egg-info/entry_points.txt
[5.509s] writing requirements to ../../build/my_robot_comms/my_robot_comms.egg-info/requires.txt
[5.517s] writing top-level names to ../../build/my_robot_comms/my_robot_comms.egg-info/top_level.txt
[5.518s] writing manifest file '../../build/my_robot_comms/my_robot_comms.egg-info/SOURCES.txt'
[5.522s] reading manifest file '../../build/my_robot_comms/my_robot_comms.egg-info/SOURCES.txt'
[5.525s] writing manifest file '../../build/my_robot_comms/my_robot_comms.egg-info/SOURCES.txt'
[5.526s] running build
[5.526s] running build_py
[5.527s] creating /home/huy/ros_ws/build/my_robot_comms/build
[5.528s] creating /home/huy/ros_ws/build/my_robot_comms/build/lib
[5.528s] creating /home/huy/ros_ws/build/my_robot_comms/build/lib/my_robot_comms
[5.529s] copying my_robot_comms/serial_bridge_node.py -> /home/huy/ros_ws/build/my_robot_comms/build/lib/my_robot_comms
[5.529s] copying my_robot_comms/__init__.py -> /home/huy/ros_ws/build/my_robot_comms/build/lib/my_robot_comms
[5.529s] copying my_robot_comms/handle_data_web.py -> /home/huy/ros_ws/build/my_robot_comms/build/lib/my_robot_comms
[5.530s] copying my_robot_comms/web_receiver.py -> /home/huy/ros_ws/build/my_robot_comms/build/lib/my_robot_comms
[5.532s] running install
[5.533s] running install_lib
[5.536s] creating /home/huy/ros_ws/install/my_robot_comms/lib/python3.10/site-packages/my_robot_comms
[5.536s] copying /home/huy/ros_ws/build/my_robot_comms/build/lib/my_robot_comms/serial_bridge_node.py -> /home/huy/ros_ws/install/my_robot_comms/lib/python3.10/site-packages/my_robot_comms
[5.538s] copying /home/huy/ros_ws/build/my_robot_comms/build/lib/my_robot_comms/__init__.py -> /home/huy/ros_ws/install/my_robot_comms/lib/python3.10/site-packages/my_robot_comms
[5.538s] copying /home/huy/ros_ws/build/my_robot_comms/build/lib/my_robot_comms/handle_data_web.py -> /home/huy/ros_ws/install/my_robot_comms/lib/python3.10/site-packages/my_robot_comms
[5.539s] copying /home/huy/ros_ws/build/my_robot_comms/build/lib/my_robot_comms/web_receiver.py -> /home/huy/ros_ws/install/my_robot_comms/lib/python3.10/site-packages/my_robot_comms
[5.542s] byte-compiling /home/huy/ros_ws/install/my_robot_comms/lib/python3.10/site-packages/my_robot_comms/serial_bridge_node.py to serial_bridge_node.cpython-310.pyc
[5.550s] byte-compiling /home/huy/ros_ws/install/my_robot_comms/lib/python3.10/site-packages/my_robot_comms/__init__.py to __init__.cpython-310.pyc
[5.551s] byte-compiling /home/huy/ros_ws/install/my_robot_comms/lib/python3.10/site-packages/my_robot_comms/handle_data_web.py to handle_data_web.cpython-310.pyc
[5.556s] byte-compiling /home/huy/ros_ws/install/my_robot_comms/lib/python3.10/site-packages/my_robot_comms/web_receiver.py to web_receiver.cpython-310.pyc
[5.560s] running install_data
[5.561s] creating /home/huy/ros_ws/install/my_robot_comms/share/ament_index
[5.562s] creating /home/huy/ros_ws/install/my_robot_comms/share/ament_index/resource_index
[5.562s] creating /home/huy/ros_ws/install/my_robot_comms/share/ament_index/resource_index/packages
[5.562s] copying resource/my_robot_comms -> /home/huy/ros_ws/install/my_robot_comms/share/ament_index/resource_index/packages
[5.563s] copying package.xml -> /home/huy/ros_ws/install/my_robot_comms/share/my_robot_comms
[5.563s] creating /home/huy/ros_ws/install/my_robot_comms/share/my_robot_comms/launch
[5.564s] copying launch/receiver.launch.py -> /home/huy/ros_ws/install/my_robot_comms/share/my_robot_comms/launch
[5.564s] running install_egg_info
[5.571s] Copying ../../build/my_robot_comms/my_robot_comms.egg-info to /home/huy/ros_ws/install/my_robot_comms/lib/python3.10/site-packages/my_robot_comms-0.0.0-py3.10.egg-info
[5.578s] running install_scripts
[5.661s] Installing handle_data_web script to /home/huy/ros_ws/install/my_robot_comms/lib/my_robot_comms
[5.662s] Installing serial_bridge script to /home/huy/ros_ws/install/my_robot_comms/lib/my_robot_comms
[5.663s] Installing web_receiver script to /home/huy/ros_ws/install/my_robot_comms/lib/my_robot_comms
[5.664s] writing list of installed files to '/home/huy/ros_ws/build/my_robot_comms/install.log'
[5.807s] Invoked command in '/home/huy/ros_ws/src/my_robot_comms' returned '0': PYTHONPATH=/home/huy/ros_ws/build/my_robot_comms/prefix_override:/usr/lib/python3/dist-packages/colcon_core/task/python/colcon_distutils_commands:/home/huy/ros_ws/install/my_robot_comms/lib/python3.10/site-packages:${PYTHONPATH} /usr/bin/python3 -W ignore:setup.py install is deprecated -W ignore:easy_install command is deprecated setup.py egg_info --egg-base ../../build/my_robot_comms build --build-base /home/huy/ros_ws/build/my_robot_comms/build install --record /home/huy/ros_ws/build/my_robot_comms/install.log --single-version-externally-managed install_data
