[5.202s] Invoking command in '/home/huy/ros_ws/build/my_robot_comms': PYTHONPATH=/home/huy/ros_ws/build/my_robot_comms/prefix_override:/usr/lib/python3/dist-packages/colcon_core/task/python/colcon_distutils_commands:/home/huy/ros_ws/install/my_robot_comms/lib/python3.10/site-packages:${PYTHONPATH} /usr/bin/python3 -W ignore:setup.py install is deprecated -W ignore:easy_install command is deprecated setup.py develop --editable --build-directory /home/huy/ros_ws/build/my_robot_comms/build --no-deps symlink_data
[7.752s] running develop
[9.738s] running egg_info
[9.739s] creating my_robot_comms.egg-info
[9.740s] writing my_robot_comms.egg-info/PKG-INFO
[9.742s] writing dependency_links to my_robot_comms.egg-info/dependency_links.txt
[9.743s] writing entry points to my_robot_comms.egg-info/entry_points.txt
[9.744s] writing requirements to my_robot_comms.egg-info/requires.txt
[9.745s] writing top-level names to my_robot_comms.egg-info/top_level.txt
[9.746s] writing manifest file 'my_robot_comms.egg-info/SOURCES.txt'
[9.774s] reading manifest file 'my_robot_comms.egg-info/SOURCES.txt'
[9.779s] writing manifest file 'my_robot_comms.egg-info/SOURCES.txt'
[9.780s] running build_ext
[9.781s] Creating /home/huy/ros_ws/install/my_robot_comms/lib/python3.10/site-packages/my-robot-comms.egg-link (link to .)
[9.783s] Installing handle_data_web script to /home/huy/ros_ws/install/my_robot_comms/lib/my_robot_comms
[9.784s] Installing serial_bridge script to /home/huy/ros_ws/install/my_robot_comms/lib/my_robot_comms
[9.785s] Installing web_receiver script to /home/huy/ros_ws/install/my_robot_comms/lib/my_robot_comms
[9.787s] 
[9.788s] Installed /home/huy/ros_ws/build/my_robot_comms
[9.816s] running symlink_data
[9.817s] creating /home/huy/ros_ws/install/my_robot_comms/share/ament_index
[9.819s] creating /home/huy/ros_ws/install/my_robot_comms/share/ament_index/resource_index
[9.825s] creating /home/huy/ros_ws/install/my_robot_comms/share/ament_index/resource_index/packages
[9.826s] symbolically linking /home/huy/ros_ws/build/my_robot_comms/resource/my_robot_comms -> /home/huy/ros_ws/install/my_robot_comms/share/ament_index/resource_index/packages
[9.844s] symbolically linking /home/huy/ros_ws/build/my_robot_comms/package.xml -> /home/huy/ros_ws/install/my_robot_comms/share/my_robot_comms
[9.845s] creating /home/huy/ros_ws/install/my_robot_comms/share/my_robot_comms/launch
[9.846s] symbolically linking /home/huy/ros_ws/build/my_robot_comms/launch/receiver.launch.py -> /home/huy/ros_ws/install/my_robot_comms/share/my_robot_comms/launch
[10.049s] Invoked command in '/home/huy/ros_ws/build/my_robot_comms' returned '0': PYTHONPATH=/home/huy/ros_ws/build/my_robot_comms/prefix_override:/usr/lib/python3/dist-packages/colcon_core/task/python/colcon_distutils_commands:/home/huy/ros_ws/install/my_robot_comms/lib/python3.10/site-packages:${PYTHONPATH} /usr/bin/python3 -W ignore:setup.py install is deprecated -W ignore:easy_install command is deprecated setup.py develop --editable --build-directory /home/huy/ros_ws/build/my_robot_comms/build --no-deps symlink_data
