[0.465s] DEBUG:colcon:Command line arguments: ['/usr/bin/colcon', 'build', '--packages-select', 'my_robot_comms', '--symlink-install']
[0.465s] DEBUG:colcon:Parsed command line arguments: Namespace(log_base=None, log_level=None, verb_name='build', build_base='build', install_base='install', merge_install=False, symlink_install=True, test_result_base=None, continue_on_error=False, executor='parallel', parallel_workers=4, event_handlers=None, ignore_user_meta=False, metas=['./colcon.meta'], base_paths=['.'], packages_ignore=None, packages_ignore_regex=None, paths=None, packages_up_to=None, packages_up_to_regex=None, packages_above=None, packages_above_and_dependencies=None, packages_above_depth=None, packages_select_by_dep=None, packages_skip_by_dep=None, packages_skip_up_to=None, packages_select_build_failed=False, packages_skip_build_finished=False, packages_select_test_failures=False, packages_skip_test_passed=False, packages_select=['my_robot_comms'], packages_skip=None, packages_select_regex=None, packages_skip_regex=None, packages_start=None, packages_end=None, allow_overriding=[], cmake_args=None, cmake_target=None, cmake_target_skip_unavailable=False, cmake_clean_cache=False, cmake_clean_first=False, cmake_force_configure=False, ament_cmake_args=None, catkin_cmake_args=None, catkin_skip_building_tests=False, mixin_files=None, mixin=None, verb_parser=<colcon_mixin.mixin.mixin_argument.MixinArgumentDecorator object at 0xffff946a6170>, verb_extension=<colcon_core.verb.build.BuildVerb object at 0xffff9485f160>, main=<bound method BuildVerb.main of <colcon_core.verb.build.BuildVerb object at 0xffff9485f160>>, mixin_verb=('build',))
[1.287s] Level 1:colcon.colcon_core.package_discovery:discover_packages(colcon_meta) check parameters
[1.287s] Level 1:colcon.colcon_core.package_discovery:discover_packages(recursive) check parameters
[1.287s] Level 1:colcon.colcon_core.package_discovery:discover_packages(ignore) check parameters
[1.287s] Level 1:colcon.colcon_core.package_discovery:discover_packages(path) check parameters
[1.287s] Level 1:colcon.colcon_core.package_discovery:discover_packages(colcon_meta) discover
[1.288s] Level 1:colcon.colcon_core.package_discovery:discover_packages(recursive) discover
[1.288s] INFO:colcon.colcon_core.package_discovery:Crawling recursively for packages in '/home/huy/ros_ws'
[1.288s] Level 1:colcon.colcon_core.package_identification:_identify(.) by extensions ['ignore', 'ignore_ament_install']
[1.289s] Level 1:colcon.colcon_core.package_identification:_identify(.) by extension 'ignore'
[1.289s] Level 1:colcon.colcon_core.package_identification:_identify(.) by extension 'ignore_ament_install'
[1.289s] Level 1:colcon.colcon_core.package_identification:_identify(.) by extensions ['colcon_pkg']
[1.289s] Level 1:colcon.colcon_core.package_identification:_identify(.) by extension 'colcon_pkg'
[1.289s] Level 1:colcon.colcon_core.package_identification:_identify(.) by extensions ['colcon_meta']
[1.289s] Level 1:colcon.colcon_core.package_identification:_identify(.) by extension 'colcon_meta'
[1.290s] Level 1:colcon.colcon_core.package_identification:_identify(.) by extensions ['ros']
[1.290s] Level 1:colcon.colcon_core.package_identification:_identify(.) by extension 'ros'
[1.334s] Level 1:colcon.colcon_core.package_identification:_identify(.) by extensions ['cmake', 'python']
[1.334s] Level 1:colcon.colcon_core.package_identification:_identify(.) by extension 'cmake'
[1.334s] Level 1:colcon.colcon_core.package_identification:_identify(.) by extension 'python'
[1.334s] Level 1:colcon.colcon_core.package_identification:_identify(.) by extensions ['python_setup_py']
[1.334s] Level 1:colcon.colcon_core.package_identification:_identify(.) by extension 'python_setup_py'
[1.335s] Level 1:colcon.colcon_core.package_identification:_identify(build) by extensions ['ignore', 'ignore_ament_install']
[1.335s] Level 1:colcon.colcon_core.package_identification:_identify(build) by extension 'ignore'
[1.335s] Level 1:colcon.colcon_core.package_identification:_identify(build) ignored
[1.336s] Level 1:colcon.colcon_core.package_identification:_identify(install) by extensions ['ignore', 'ignore_ament_install']
[1.336s] Level 1:colcon.colcon_core.package_identification:_identify(install) by extension 'ignore'
[1.336s] Level 1:colcon.colcon_core.package_identification:_identify(install) ignored
[1.337s] Level 1:colcon.colcon_core.package_identification:_identify(log) by extensions ['ignore', 'ignore_ament_install']
[1.337s] Level 1:colcon.colcon_core.package_identification:_identify(log) by extension 'ignore'
[1.337s] Level 1:colcon.colcon_core.package_identification:_identify(log) ignored
[1.338s] Level 1:colcon.colcon_core.package_identification:_identify(src) by extensions ['ignore', 'ignore_ament_install']
[1.338s] Level 1:colcon.colcon_core.package_identification:_identify(src) by extension 'ignore'
[1.338s] Level 1:colcon.colcon_core.package_identification:_identify(src) by extension 'ignore_ament_install'
[1.338s] Level 1:colcon.colcon_core.package_identification:_identify(src) by extensions ['colcon_pkg']
[1.338s] Level 1:colcon.colcon_core.package_identification:_identify(src) by extension 'colcon_pkg'
[1.339s] Level 1:colcon.colcon_core.package_identification:_identify(src) by extensions ['colcon_meta']
[1.339s] Level 1:colcon.colcon_core.package_identification:_identify(src) by extension 'colcon_meta'
[1.339s] Level 1:colcon.colcon_core.package_identification:_identify(src) by extensions ['ros']
[1.339s] Level 1:colcon.colcon_core.package_identification:_identify(src) by extension 'ros'
[1.339s] Level 1:colcon.colcon_core.package_identification:_identify(src) by extensions ['cmake', 'python']
[1.339s] Level 1:colcon.colcon_core.package_identification:_identify(src) by extension 'cmake'
[1.340s] Level 1:colcon.colcon_core.package_identification:_identify(src) by extension 'python'
[1.340s] Level 1:colcon.colcon_core.package_identification:_identify(src) by extensions ['python_setup_py']
[1.340s] Level 1:colcon.colcon_core.package_identification:_identify(src) by extension 'python_setup_py'
[1.340s] Level 1:colcon.colcon_core.package_identification:_identify(src/mqtt_bridge) by extensions ['ignore', 'ignore_ament_install']
[1.341s] Level 1:colcon.colcon_core.package_identification:_identify(src/mqtt_bridge) by extension 'ignore'
[1.341s] Level 1:colcon.colcon_core.package_identification:_identify(src/mqtt_bridge) by extension 'ignore_ament_install'
[1.341s] Level 1:colcon.colcon_core.package_identification:_identify(src/mqtt_bridge) by extensions ['colcon_pkg']
[1.341s] Level 1:colcon.colcon_core.package_identification:_identify(src/mqtt_bridge) by extension 'colcon_pkg'
[1.341s] Level 1:colcon.colcon_core.package_identification:_identify(src/mqtt_bridge) by extensions ['colcon_meta']
[1.341s] Level 1:colcon.colcon_core.package_identification:_identify(src/mqtt_bridge) by extension 'colcon_meta'
[1.342s] Level 1:colcon.colcon_core.package_identification:_identify(src/mqtt_bridge) by extensions ['ros']
[1.342s] Level 1:colcon.colcon_core.package_identification:_identify(src/mqtt_bridge) by extension 'ros'
[1.351s] DEBUG:colcon.colcon_core.package_identification:Package 'src/mqtt_bridge' with type 'ros.ament_python' and name 'mqtt_bridge'
[1.351s] Level 1:colcon.colcon_core.package_identification:_identify(src/my_python_pkg) by extensions ['ignore', 'ignore_ament_install']
[1.352s] Level 1:colcon.colcon_core.package_identification:_identify(src/my_python_pkg) by extension 'ignore'
[1.352s] Level 1:colcon.colcon_core.package_identification:_identify(src/my_python_pkg) by extension 'ignore_ament_install'
[1.352s] Level 1:colcon.colcon_core.package_identification:_identify(src/my_python_pkg) by extensions ['colcon_pkg']
[1.352s] Level 1:colcon.colcon_core.package_identification:_identify(src/my_python_pkg) by extension 'colcon_pkg'
[1.352s] Level 1:colcon.colcon_core.package_identification:_identify(src/my_python_pkg) by extensions ['colcon_meta']
[1.353s] Level 1:colcon.colcon_core.package_identification:_identify(src/my_python_pkg) by extension 'colcon_meta'
[1.353s] Level 1:colcon.colcon_core.package_identification:_identify(src/my_python_pkg) by extensions ['ros']
[1.353s] Level 1:colcon.colcon_core.package_identification:_identify(src/my_python_pkg) by extension 'ros'
[1.356s] DEBUG:colcon.colcon_core.package_identification:Package 'src/my_python_pkg' with type 'ros.ament_python' and name 'my_python_pkg'
[1.356s] Level 1:colcon.colcon_core.package_identification:_identify(src/my_robot_comms) by extensions ['ignore', 'ignore_ament_install']
[1.357s] Level 1:colcon.colcon_core.package_identification:_identify(src/my_robot_comms) by extension 'ignore'
[1.357s] Level 1:colcon.colcon_core.package_identification:_identify(src/my_robot_comms) by extension 'ignore_ament_install'
[1.357s] Level 1:colcon.colcon_core.package_identification:_identify(src/my_robot_comms) by extensions ['colcon_pkg']
[1.357s] Level 1:colcon.colcon_core.package_identification:_identify(src/my_robot_comms) by extension 'colcon_pkg'
[1.357s] Level 1:colcon.colcon_core.package_identification:_identify(src/my_robot_comms) by extensions ['colcon_meta']
[1.357s] Level 1:colcon.colcon_core.package_identification:_identify(src/my_robot_comms) by extension 'colcon_meta'
[1.358s] Level 1:colcon.colcon_core.package_identification:_identify(src/my_robot_comms) by extensions ['ros']
[1.358s] Level 1:colcon.colcon_core.package_identification:_identify(src/my_robot_comms) by extension 'ros'
[1.360s] DEBUG:colcon.colcon_core.package_identification:Package 'src/my_robot_comms' with type 'ros.ament_python' and name 'my_robot_comms'
[1.361s] Level 1:colcon.colcon_core.package_identification:_identify(src/my_robot_description) by extensions ['ignore', 'ignore_ament_install']
[1.361s] Level 1:colcon.colcon_core.package_identification:_identify(src/my_robot_description) by extension 'ignore'
[1.361s] Level 1:colcon.colcon_core.package_identification:_identify(src/my_robot_description) by extension 'ignore_ament_install'
[1.361s] Level 1:colcon.colcon_core.package_identification:_identify(src/my_robot_description) by extensions ['colcon_pkg']
[1.362s] Level 1:colcon.colcon_core.package_identification:_identify(src/my_robot_description) by extension 'colcon_pkg'
[1.362s] Level 1:colcon.colcon_core.package_identification:_identify(src/my_robot_description) by extensions ['colcon_meta']
[1.362s] Level 1:colcon.colcon_core.package_identification:_identify(src/my_robot_description) by extension 'colcon_meta'
[1.362s] Level 1:colcon.colcon_core.package_identification:_identify(src/my_robot_description) by extensions ['ros']
[1.362s] Level 1:colcon.colcon_core.package_identification:_identify(src/my_robot_description) by extension 'ros'
[1.364s] DEBUG:colcon.colcon_core.package_identification:Package 'src/my_robot_description' with type 'ros.ament_cmake' and name 'my_robot_description'
[1.365s] Level 1:colcon.colcon_core.package_identification:_identify(src/rplidar_ros) by extensions ['ignore', 'ignore_ament_install']
[1.365s] Level 1:colcon.colcon_core.package_identification:_identify(src/rplidar_ros) by extension 'ignore'
[1.365s] Level 1:colcon.colcon_core.package_identification:_identify(src/rplidar_ros) by extension 'ignore_ament_install'
[1.366s] Level 1:colcon.colcon_core.package_identification:_identify(src/rplidar_ros) by extensions ['colcon_pkg']
[1.366s] Level 1:colcon.colcon_core.package_identification:_identify(src/rplidar_ros) by extension 'colcon_pkg'
[1.366s] Level 1:colcon.colcon_core.package_identification:_identify(src/rplidar_ros) by extensions ['colcon_meta']
[1.366s] Level 1:colcon.colcon_core.package_identification:_identify(src/rplidar_ros) by extension 'colcon_meta'
[1.366s] Level 1:colcon.colcon_core.package_identification:_identify(src/rplidar_ros) by extensions ['ros']
[1.366s] Level 1:colcon.colcon_core.package_identification:_identify(src/rplidar_ros) by extension 'ros'
[1.369s] DEBUG:colcon.colcon_core.package_identification:Package 'src/rplidar_ros' with type 'ros.ament_cmake' and name 'rplidar_ros'
[1.369s] Level 1:colcon.colcon_core.package_discovery:discover_packages(recursive) using defaults
[1.369s] Level 1:colcon.colcon_core.package_discovery:discover_packages(ignore) discover
[1.370s] Level 1:colcon.colcon_core.package_discovery:discover_packages(ignore) using defaults
[1.370s] Level 1:colcon.colcon_core.package_discovery:discover_packages(path) discover
[1.370s] Level 1:colcon.colcon_core.package_discovery:discover_packages(path) using defaults
[1.486s] INFO:colcon.colcon_core.package_selection:Skipping not selected package 'mqtt_bridge' in 'src/mqtt_bridge'
[1.487s] INFO:colcon.colcon_core.package_selection:Skipping not selected package 'my_python_pkg' in 'src/my_python_pkg'
[1.487s] INFO:colcon.colcon_core.package_selection:Skipping not selected package 'my_robot_description' in 'src/my_robot_description'
[1.487s] INFO:colcon.colcon_core.package_selection:Skipping not selected package 'rplidar_ros' in 'src/rplidar_ros'
[1.489s] Level 1:colcon.colcon_core.package_discovery:discover_packages(prefix_path) check parameters
[1.489s] Level 1:colcon.colcon_core.package_discovery:discover_packages(prefix_path) discover
[1.493s] WARNING:colcon.colcon_ros.prefix_path.ament:The path '/home/huy/ros_ws/install/my_robot_comms' in the environment variable AMENT_PREFIX_PATH doesn't exist
[1.496s] DEBUG:colcon.colcon_installed_package_information.package_discovery:Found 0 installed packages in /home/huy/ros_ws/install
[1.507s] DEBUG:colcon.colcon_installed_package_information.package_discovery:Found 332 installed packages in /opt/ros/humble
[1.514s] Level 1:colcon.colcon_core.package_discovery:discover_packages(prefix_path) using defaults
[1.782s] Level 5:colcon.colcon_core.verb:set package 'my_robot_comms' build argument 'cmake_args' from command line to 'None'
[1.783s] Level 5:colcon.colcon_core.verb:set package 'my_robot_comms' build argument 'cmake_target' from command line to 'None'
[1.783s] Level 5:colcon.colcon_core.verb:set package 'my_robot_comms' build argument 'cmake_target_skip_unavailable' from command line to 'False'
[1.783s] Level 5:colcon.colcon_core.verb:set package 'my_robot_comms' build argument 'cmake_clean_cache' from command line to 'False'
[1.783s] Level 5:colcon.colcon_core.verb:set package 'my_robot_comms' build argument 'cmake_clean_first' from command line to 'False'
[1.783s] Level 5:colcon.colcon_core.verb:set package 'my_robot_comms' build argument 'cmake_force_configure' from command line to 'False'
[1.784s] Level 5:colcon.colcon_core.verb:set package 'my_robot_comms' build argument 'ament_cmake_args' from command line to 'None'
[1.784s] Level 5:colcon.colcon_core.verb:set package 'my_robot_comms' build argument 'catkin_cmake_args' from command line to 'None'
[1.784s] Level 5:colcon.colcon_core.verb:set package 'my_robot_comms' build argument 'catkin_skip_building_tests' from command line to 'False'
[1.784s] DEBUG:colcon.colcon_core.verb:Building package 'my_robot_comms' with the following arguments: {'ament_cmake_args': None, 'build_base': '/home/huy/ros_ws/build/my_robot_comms', 'catkin_cmake_args': None, 'catkin_skip_building_tests': False, 'cmake_args': None, 'cmake_clean_cache': False, 'cmake_clean_first': False, 'cmake_force_configure': False, 'cmake_target': None, 'cmake_target_skip_unavailable': False, 'install_base': '/home/huy/ros_ws/install/my_robot_comms', 'merge_install': False, 'path': '/home/huy/ros_ws/src/my_robot_comms', 'symlink_install': True, 'test_result_base': None}
[1.785s] INFO:colcon.colcon_core.executor:Executing jobs using 'parallel' executor
[1.789s] DEBUG:colcon.colcon_parallel_executor.executor.parallel:run_until_complete
[1.790s] INFO:colcon.colcon_ros.task.ament_python.build:Building ROS package in '/home/huy/ros_ws/src/my_robot_comms' with build type 'ament_python'
[1.792s] Level 1:colcon.colcon_core.shell:create_environment_hook('my_robot_comms', 'ament_prefix_path')
[1.808s] INFO:colcon.colcon_core.plugin_system:Skipping extension 'colcon_core.shell.bat': Not used on non-Windows systems
[1.809s] INFO:colcon.colcon_core.shell:Creating environment hook '/home/huy/ros_ws/install/my_robot_comms/share/my_robot_comms/hook/ament_prefix_path.ps1'
[1.815s] INFO:colcon.colcon_core.shell:Creating environment descriptor '/home/huy/ros_ws/install/my_robot_comms/share/my_robot_comms/hook/ament_prefix_path.dsv'
[1.819s] INFO:colcon.colcon_core.shell:Creating environment hook '/home/huy/ros_ws/install/my_robot_comms/share/my_robot_comms/hook/ament_prefix_path.sh'
[1.824s] INFO:colcon.colcon_core.shell:Skip shell extension 'powershell' for command environment: Not usable outside of PowerShell
[1.825s] DEBUG:colcon.colcon_core.shell:Skip shell extension 'dsv' for command environment
[4.300s] INFO:colcon.colcon_core.task.python.build:Building Python package in '/home/huy/ros_ws/src/my_robot_comms'
[4.313s] INFO:colcon.colcon_core.shell:Skip shell extension 'powershell' for command environment: Not usable outside of PowerShell
[4.314s] DEBUG:colcon.colcon_core.shell:Skip shell extension 'dsv' for command environment
[7.837s] DEBUG:colcon.colcon_core.event_handler.log_command:Invoking command in '/home/huy/ros_ws/build/my_robot_comms': PYTHONPATH=/home/huy/ros_ws/build/my_robot_comms/prefix_override:/usr/lib/python3/dist-packages/colcon_core/task/python/colcon_distutils_commands:/home/huy/ros_ws/install/my_robot_comms/lib/python3.10/site-packages:${PYTHONPATH} /usr/bin/python3 -W ignore:setup.py install is deprecated -W ignore:easy_install command is deprecated setup.py develop --editable --build-directory /home/huy/ros_ws/build/my_robot_comms/build --no-deps symlink_data
[12.754s] Level 1:colcon.colcon_core.shell:create_environment_hook('my_robot_comms', 'pythonpath_develop')
[12.758s] INFO:colcon.colcon_core.shell:Creating environment hook '/home/huy/ros_ws/build/my_robot_comms/share/my_robot_comms/hook/pythonpath_develop.ps1'
[12.764s] DEBUG:colcon.colcon_core.event_handler.log_command:Invoked command in '/home/huy/ros_ws/build/my_robot_comms' returned '0': PYTHONPATH=/home/huy/ros_ws/build/my_robot_comms/prefix_override:/usr/lib/python3/dist-packages/colcon_core/task/python/colcon_distutils_commands:/home/huy/ros_ws/install/my_robot_comms/lib/python3.10/site-packages:${PYTHONPATH} /usr/bin/python3 -W ignore:setup.py install is deprecated -W ignore:easy_install command is deprecated setup.py develop --editable --build-directory /home/huy/ros_ws/build/my_robot_comms/build --no-deps symlink_data
[12.766s] INFO:colcon.colcon_core.shell:Creating environment descriptor '/home/huy/ros_ws/build/my_robot_comms/share/my_robot_comms/hook/pythonpath_develop.dsv'
[12.774s] INFO:colcon.colcon_core.shell:Creating environment hook '/home/huy/ros_ws/build/my_robot_comms/share/my_robot_comms/hook/pythonpath_develop.sh'
[12.797s] Level 1:colcon.colcon_core.environment:checking '/home/huy/ros_ws/install/my_robot_comms' for CMake module files
[12.800s] Level 1:colcon.colcon_core.environment:checking '/home/huy/ros_ws/install/my_robot_comms' for CMake config files
[12.804s] Level 1:colcon.colcon_core.environment:checking '/home/huy/ros_ws/install/my_robot_comms/lib'
[12.808s] Level 1:colcon.colcon_core.environment:checking '/home/huy/ros_ws/install/my_robot_comms/bin'
[12.809s] Level 1:colcon.colcon_core.environment:checking '/home/huy/ros_ws/install/my_robot_comms/lib/pkgconfig/my_robot_comms.pc'
[12.812s] Level 1:colcon.colcon_core.environment:checking '/home/huy/ros_ws/install/my_robot_comms/lib/python3.10/site-packages'
[12.814s] Level 1:colcon.colcon_core.shell:create_environment_hook('my_robot_comms', 'pythonpath')
[12.820s] INFO:colcon.colcon_core.shell:Creating environment hook '/home/huy/ros_ws/install/my_robot_comms/share/my_robot_comms/hook/pythonpath.ps1'
[12.824s] INFO:colcon.colcon_core.shell:Creating environment descriptor '/home/huy/ros_ws/install/my_robot_comms/share/my_robot_comms/hook/pythonpath.dsv'
[12.826s] INFO:colcon.colcon_core.shell:Creating environment hook '/home/huy/ros_ws/install/my_robot_comms/share/my_robot_comms/hook/pythonpath.sh'
[12.831s] Level 1:colcon.colcon_core.environment:checking '/home/huy/ros_ws/install/my_robot_comms/bin'
[12.832s] Level 1:colcon.colcon_core.environment:create_environment_scripts_only(my_robot_comms)
[12.833s] INFO:colcon.colcon_core.shell:Creating package script '/home/huy/ros_ws/install/my_robot_comms/share/my_robot_comms/package.ps1'
[12.840s] INFO:colcon.colcon_core.shell:Creating package descriptor '/home/huy/ros_ws/install/my_robot_comms/share/my_robot_comms/package.dsv'
[12.847s] INFO:colcon.colcon_core.shell:Creating package script '/home/huy/ros_ws/install/my_robot_comms/share/my_robot_comms/package.sh'
[12.857s] INFO:colcon.colcon_core.shell:Creating package script '/home/huy/ros_ws/install/my_robot_comms/share/my_robot_comms/package.bash'
[12.862s] INFO:colcon.colcon_core.shell:Creating package script '/home/huy/ros_ws/install/my_robot_comms/share/my_robot_comms/package.zsh'
[12.872s] Level 1:colcon.colcon_core.environment:create_file_with_runtime_dependencies(/home/huy/ros_ws/install/my_robot_comms/share/colcon-core/packages/my_robot_comms)
[12.876s] DEBUG:colcon.colcon_parallel_executor.executor.parallel:closing loop
[12.877s] DEBUG:colcon.colcon_parallel_executor.executor.parallel:loop closed
[12.877s] DEBUG:colcon.colcon_parallel_executor.executor.parallel:run_until_complete finished with '0'
[12.878s] DEBUG:colcon.colcon_core.event_reactor:joining thread
[12.923s] INFO:colcon.colcon_core.plugin_system:Skipping extension 'colcon_notification.desktop_notification.terminal_notifier': Not used on non-Darwin systems
[12.924s] INFO:colcon.colcon_core.plugin_system:Skipping extension 'colcon_notification.desktop_notification.win32': Not used on non-Windows systems
[12.924s] INFO:colcon.colcon_notification.desktop_notification:Sending desktop notification using 'notify2'
[13.089s] DEBUG:colcon.colcon_core.event_reactor:joined thread
[13.091s] INFO:colcon.colcon_core.shell:Creating prefix script '/home/huy/ros_ws/install/local_setup.ps1'
[13.096s] INFO:colcon.colcon_core.shell:Creating prefix util module '/home/huy/ros_ws/install/_local_setup_util_ps1.py'
[13.115s] INFO:colcon.colcon_core.shell:Creating prefix chain script '/home/huy/ros_ws/install/setup.ps1'
[13.128s] INFO:colcon.colcon_core.shell:Creating prefix script '/home/huy/ros_ws/install/local_setup.sh'
[13.132s] INFO:colcon.colcon_core.shell:Creating prefix util module '/home/huy/ros_ws/install/_local_setup_util_sh.py'
[13.136s] INFO:colcon.colcon_core.shell:Creating prefix chain script '/home/huy/ros_ws/install/setup.sh'
[13.143s] INFO:colcon.colcon_core.shell:Creating prefix script '/home/huy/ros_ws/install/local_setup.bash'
[13.147s] INFO:colcon.colcon_core.shell:Creating prefix chain script '/home/huy/ros_ws/install/setup.bash'
[13.152s] INFO:colcon.colcon_core.shell:Creating prefix script '/home/huy/ros_ws/install/local_setup.zsh'
[13.156s] INFO:colcon.colcon_core.shell:Creating prefix chain script '/home/huy/ros_ws/install/setup.zsh'
