[0.464s] DEBUG:colcon:Command line arguments: ['/usr/bin/colcon', 'build', '--packages-select', 'my_robot_comms', '--symlink-install']
[0.464s] DEBUG:colcon:Parsed command line arguments: Namespace(log_base=None, log_level=None, verb_name='build', build_base='build', install_base='install', merge_install=False, symlink_install=True, test_result_base=None, continue_on_error=False, executor='parallel', parallel_workers=4, event_handlers=None, ignore_user_meta=False, metas=['./colcon.meta'], base_paths=['.'], packages_ignore=None, packages_ignore_regex=None, paths=None, packages_up_to=None, packages_up_to_regex=None, packages_above=None, packages_above_and_dependencies=None, packages_above_depth=None, packages_select_by_dep=None, packages_skip_by_dep=None, packages_skip_up_to=None, packages_select_build_failed=False, packages_skip_build_finished=False, packages_select_test_failures=False, packages_skip_test_passed=False, packages_select=['my_robot_comms'], packages_skip=None, packages_select_regex=None, packages_skip_regex=None, packages_start=None, packages_end=None, allow_overriding=[], cmake_args=None, cmake_target=None, cmake_target_skip_unavailable=False, cmake_clean_cache=False, cmake_clean_first=False, cmake_force_configure=False, ament_cmake_args=None, catkin_cmake_args=None, catkin_skip_building_tests=False, mixin_files=None, mixin=None, verb_parser=<colcon_mixin.mixin.mixin_argument.MixinArgumentDecorator object at 0xffffb3b36170>, verb_extension=<colcon_core.verb.build.BuildVerb object at 0xffffb3cef160>, main=<bound method BuildVerb.main of <colcon_core.verb.build.BuildVerb object at 0xffffb3cef160>>, mixin_verb=('build',))
[1.285s] Level 1:colcon.colcon_core.package_discovery:discover_packages(colcon_meta) check parameters
[1.286s] Level 1:colcon.colcon_core.package_discovery:discover_packages(recursive) check parameters
[1.286s] Level 1:colcon.colcon_core.package_discovery:discover_packages(ignore) check parameters
[1.286s] Level 1:colcon.colcon_core.package_discovery:discover_packages(path) check parameters
[1.286s] Level 1:colcon.colcon_core.package_discovery:discover_packages(colcon_meta) discover
[1.286s] Level 1:colcon.colcon_core.package_discovery:discover_packages(recursive) discover
[1.286s] INFO:colcon.colcon_core.package_discovery:Crawling recursively for packages in '/home/huy/ros_ws'
[1.287s] Level 1:colcon.colcon_core.package_identification:_identify(.) by extensions ['ignore', 'ignore_ament_install']
[1.287s] Level 1:colcon.colcon_core.package_identification:_identify(.) by extension 'ignore'
[1.287s] Level 1:colcon.colcon_core.package_identification:_identify(.) by extension 'ignore_ament_install'
[1.288s] Level 1:colcon.colcon_core.package_identification:_identify(.) by extensions ['colcon_pkg']
[1.288s] Level 1:colcon.colcon_core.package_identification:_identify(.) by extension 'colcon_pkg'
[1.288s] Level 1:colcon.colcon_core.package_identification:_identify(.) by extensions ['colcon_meta']
[1.288s] Level 1:colcon.colcon_core.package_identification:_identify(.) by extension 'colcon_meta'
[1.288s] Level 1:colcon.colcon_core.package_identification:_identify(.) by extensions ['ros']
[1.288s] Level 1:colcon.colcon_core.package_identification:_identify(.) by extension 'ros'
[1.331s] Level 1:colcon.colcon_core.package_identification:_identify(.) by extensions ['cmake', 'python']
[1.332s] Level 1:colcon.colcon_core.package_identification:_identify(.) by extension 'cmake'
[1.332s] Level 1:colcon.colcon_core.package_identification:_identify(.) by extension 'python'
[1.332s] Level 1:colcon.colcon_core.package_identification:_identify(.) by extensions ['python_setup_py']
[1.332s] Level 1:colcon.colcon_core.package_identification:_identify(.) by extension 'python_setup_py'
[1.333s] Level 1:colcon.colcon_core.package_identification:_identify(build) by extensions ['ignore', 'ignore_ament_install']
[1.333s] Level 1:colcon.colcon_core.package_identification:_identify(build) by extension 'ignore'
[1.333s] Level 1:colcon.colcon_core.package_identification:_identify(build) ignored
[1.334s] Level 1:colcon.colcon_core.package_identification:_identify(install) by extensions ['ignore', 'ignore_ament_install']
[1.334s] Level 1:colcon.colcon_core.package_identification:_identify(install) by extension 'ignore'
[1.334s] Level 1:colcon.colcon_core.package_identification:_identify(install) ignored
[1.335s] Level 1:colcon.colcon_core.package_identification:_identify(log) by extensions ['ignore', 'ignore_ament_install']
[1.335s] Level 1:colcon.colcon_core.package_identification:_identify(log) by extension 'ignore'
[1.335s] Level 1:colcon.colcon_core.package_identification:_identify(log) ignored
[1.336s] Level 1:colcon.colcon_core.package_identification:_identify(src) by extensions ['ignore', 'ignore_ament_install']
[1.336s] Level 1:colcon.colcon_core.package_identification:_identify(src) by extension 'ignore'
[1.336s] Level 1:colcon.colcon_core.package_identification:_identify(src) by extension 'ignore_ament_install'
[1.336s] Level 1:colcon.colcon_core.package_identification:_identify(src) by extensions ['colcon_pkg']
[1.336s] Level 1:colcon.colcon_core.package_identification:_identify(src) by extension 'colcon_pkg'
[1.337s] Level 1:colcon.colcon_core.package_identification:_identify(src) by extensions ['colcon_meta']
[1.337s] Level 1:colcon.colcon_core.package_identification:_identify(src) by extension 'colcon_meta'
[1.337s] Level 1:colcon.colcon_core.package_identification:_identify(src) by extensions ['ros']
[1.337s] Level 1:colcon.colcon_core.package_identification:_identify(src) by extension 'ros'
[1.338s] Level 1:colcon.colcon_core.package_identification:_identify(src) by extensions ['cmake', 'python']
[1.338s] Level 1:colcon.colcon_core.package_identification:_identify(src) by extension 'cmake'
[1.338s] Level 1:colcon.colcon_core.package_identification:_identify(src) by extension 'python'
[1.338s] Level 1:colcon.colcon_core.package_identification:_identify(src) by extensions ['python_setup_py']
[1.338s] Level 1:colcon.colcon_core.package_identification:_identify(src) by extension 'python_setup_py'
[1.339s] Level 1:colcon.colcon_core.package_identification:_identify(src/mqtt_bridge) by extensions ['ignore', 'ignore_ament_install']
[1.339s] Level 1:colcon.colcon_core.package_identification:_identify(src/mqtt_bridge) by extension 'ignore'
[1.339s] Level 1:colcon.colcon_core.package_identification:_identify(src/mqtt_bridge) by extension 'ignore_ament_install'
[1.340s] Level 1:colcon.colcon_core.package_identification:_identify(src/mqtt_bridge) by extensions ['colcon_pkg']
[1.340s] Level 1:colcon.colcon_core.package_identification:_identify(src/mqtt_bridge) by extension 'colcon_pkg'
[1.340s] Level 1:colcon.colcon_core.package_identification:_identify(src/mqtt_bridge) by extensions ['colcon_meta']
[1.340s] Level 1:colcon.colcon_core.package_identification:_identify(src/mqtt_bridge) by extension 'colcon_meta'
[1.340s] Level 1:colcon.colcon_core.package_identification:_identify(src/mqtt_bridge) by extensions ['ros']
[1.340s] Level 1:colcon.colcon_core.package_identification:_identify(src/mqtt_bridge) by extension 'ros'
[1.349s] DEBUG:colcon.colcon_core.package_identification:Package 'src/mqtt_bridge' with type 'ros.ament_python' and name 'mqtt_bridge'
[1.350s] Level 1:colcon.colcon_core.package_identification:_identify(src/my_python_pkg) by extensions ['ignore', 'ignore_ament_install']
[1.350s] Level 1:colcon.colcon_core.package_identification:_identify(src/my_python_pkg) by extension 'ignore'
[1.350s] Level 1:colcon.colcon_core.package_identification:_identify(src/my_python_pkg) by extension 'ignore_ament_install'
[1.350s] Level 1:colcon.colcon_core.package_identification:_identify(src/my_python_pkg) by extensions ['colcon_pkg']
[1.351s] Level 1:colcon.colcon_core.package_identification:_identify(src/my_python_pkg) by extension 'colcon_pkg'
[1.351s] Level 1:colcon.colcon_core.package_identification:_identify(src/my_python_pkg) by extensions ['colcon_meta']
[1.351s] Level 1:colcon.colcon_core.package_identification:_identify(src/my_python_pkg) by extension 'colcon_meta'
[1.351s] Level 1:colcon.colcon_core.package_identification:_identify(src/my_python_pkg) by extensions ['ros']
[1.351s] Level 1:colcon.colcon_core.package_identification:_identify(src/my_python_pkg) by extension 'ros'
[1.354s] DEBUG:colcon.colcon_core.package_identification:Package 'src/my_python_pkg' with type 'ros.ament_python' and name 'my_python_pkg'
[1.354s] Level 1:colcon.colcon_core.package_identification:_identify(src/my_robot_comms) by extensions ['ignore', 'ignore_ament_install']
[1.355s] Level 1:colcon.colcon_core.package_identification:_identify(src/my_robot_comms) by extension 'ignore'
[1.355s] Level 1:colcon.colcon_core.package_identification:_identify(src/my_robot_comms) by extension 'ignore_ament_install'
[1.355s] Level 1:colcon.colcon_core.package_identification:_identify(src/my_robot_comms) by extensions ['colcon_pkg']
[1.355s] Level 1:colcon.colcon_core.package_identification:_identify(src/my_robot_comms) by extension 'colcon_pkg'
[1.355s] Level 1:colcon.colcon_core.package_identification:_identify(src/my_robot_comms) by extensions ['colcon_meta']
[1.356s] Level 1:colcon.colcon_core.package_identification:_identify(src/my_robot_comms) by extension 'colcon_meta'
[1.356s] Level 1:colcon.colcon_core.package_identification:_identify(src/my_robot_comms) by extensions ['ros']
[1.356s] Level 1:colcon.colcon_core.package_identification:_identify(src/my_robot_comms) by extension 'ros'
[1.358s] DEBUG:colcon.colcon_core.package_identification:Package 'src/my_robot_comms' with type 'ros.ament_python' and name 'my_robot_comms'
[1.359s] Level 1:colcon.colcon_core.package_identification:_identify(src/my_robot_description) by extensions ['ignore', 'ignore_ament_install']
[1.359s] Level 1:colcon.colcon_core.package_identification:_identify(src/my_robot_description) by extension 'ignore'
[1.359s] Level 1:colcon.colcon_core.package_identification:_identify(src/my_robot_description) by extension 'ignore_ament_install'
[1.360s] Level 1:colcon.colcon_core.package_identification:_identify(src/my_robot_description) by extensions ['colcon_pkg']
[1.360s] Level 1:colcon.colcon_core.package_identification:_identify(src/my_robot_description) by extension 'colcon_pkg'
[1.360s] Level 1:colcon.colcon_core.package_identification:_identify(src/my_robot_description) by extensions ['colcon_meta']
[1.360s] Level 1:colcon.colcon_core.package_identification:_identify(src/my_robot_description) by extension 'colcon_meta'
[1.360s] Level 1:colcon.colcon_core.package_identification:_identify(src/my_robot_description) by extensions ['ros']
[1.360s] Level 1:colcon.colcon_core.package_identification:_identify(src/my_robot_description) by extension 'ros'
[1.362s] DEBUG:colcon.colcon_core.package_identification:Package 'src/my_robot_description' with type 'ros.ament_cmake' and name 'my_robot_description'
[1.363s] Level 1:colcon.colcon_core.package_identification:_identify(src/rplidar_ros) by extensions ['ignore', 'ignore_ament_install']
[1.363s] Level 1:colcon.colcon_core.package_identification:_identify(src/rplidar_ros) by extension 'ignore'
[1.364s] Level 1:colcon.colcon_core.package_identification:_identify(src/rplidar_ros) by extension 'ignore_ament_install'
[1.364s] Level 1:colcon.colcon_core.package_identification:_identify(src/rplidar_ros) by extensions ['colcon_pkg']
[1.364s] Level 1:colcon.colcon_core.package_identification:_identify(src/rplidar_ros) by extension 'colcon_pkg'
[1.364s] Level 1:colcon.colcon_core.package_identification:_identify(src/rplidar_ros) by extensions ['colcon_meta']
[1.364s] Level 1:colcon.colcon_core.package_identification:_identify(src/rplidar_ros) by extension 'colcon_meta'
[1.364s] Level 1:colcon.colcon_core.package_identification:_identify(src/rplidar_ros) by extensions ['ros']
[1.364s] Level 1:colcon.colcon_core.package_identification:_identify(src/rplidar_ros) by extension 'ros'
[1.367s] DEBUG:colcon.colcon_core.package_identification:Package 'src/rplidar_ros' with type 'ros.ament_cmake' and name 'rplidar_ros'
[1.367s] Level 1:colcon.colcon_core.package_discovery:discover_packages(recursive) using defaults
[1.367s] Level 1:colcon.colcon_core.package_discovery:discover_packages(ignore) discover
[1.368s] Level 1:colcon.colcon_core.package_discovery:discover_packages(ignore) using defaults
[1.368s] Level 1:colcon.colcon_core.package_discovery:discover_packages(path) discover
[1.368s] Level 1:colcon.colcon_core.package_discovery:discover_packages(path) using defaults
[1.484s] INFO:colcon.colcon_core.package_selection:Skipping not selected package 'mqtt_bridge' in 'src/mqtt_bridge'
[1.484s] INFO:colcon.colcon_core.package_selection:Skipping not selected package 'my_python_pkg' in 'src/my_python_pkg'
[1.484s] INFO:colcon.colcon_core.package_selection:Skipping not selected package 'my_robot_description' in 'src/my_robot_description'
[1.484s] INFO:colcon.colcon_core.package_selection:Skipping not selected package 'rplidar_ros' in 'src/rplidar_ros'
[1.486s] Level 1:colcon.colcon_core.package_discovery:discover_packages(prefix_path) check parameters
[1.486s] Level 1:colcon.colcon_core.package_discovery:discover_packages(prefix_path) discover
[1.490s] WARNING:colcon.colcon_ros.prefix_path.ament:The path '/home/huy/ros_ws/install/my_robot_comms' in the environment variable AMENT_PREFIX_PATH doesn't exist
[1.494s] DEBUG:colcon.colcon_installed_package_information.package_discovery:Found 0 installed packages in /home/huy/ros_ws/install
[1.504s] DEBUG:colcon.colcon_installed_package_information.package_discovery:Found 332 installed packages in /opt/ros/humble
[1.514s] Level 1:colcon.colcon_core.package_discovery:discover_packages(prefix_path) using defaults
[1.719s] Level 5:colcon.colcon_core.verb:set package 'my_robot_comms' build argument 'cmake_args' from command line to 'None'
[1.719s] Level 5:colcon.colcon_core.verb:set package 'my_robot_comms' build argument 'cmake_target' from command line to 'None'
[1.719s] Level 5:colcon.colcon_core.verb:set package 'my_robot_comms' build argument 'cmake_target_skip_unavailable' from command line to 'False'
[1.719s] Level 5:colcon.colcon_core.verb:set package 'my_robot_comms' build argument 'cmake_clean_cache' from command line to 'False'
[1.719s] Level 5:colcon.colcon_core.verb:set package 'my_robot_comms' build argument 'cmake_clean_first' from command line to 'False'
[1.719s] Level 5:colcon.colcon_core.verb:set package 'my_robot_comms' build argument 'cmake_force_configure' from command line to 'False'
[1.719s] Level 5:colcon.colcon_core.verb:set package 'my_robot_comms' build argument 'ament_cmake_args' from command line to 'None'
[1.720s] Level 5:colcon.colcon_core.verb:set package 'my_robot_comms' build argument 'catkin_cmake_args' from command line to 'None'
[1.720s] Level 5:colcon.colcon_core.verb:set package 'my_robot_comms' build argument 'catkin_skip_building_tests' from command line to 'False'
[1.720s] DEBUG:colcon.colcon_core.verb:Building package 'my_robot_comms' with the following arguments: {'ament_cmake_args': None, 'build_base': '/home/huy/ros_ws/build/my_robot_comms', 'catkin_cmake_args': None, 'catkin_skip_building_tests': False, 'cmake_args': None, 'cmake_clean_cache': False, 'cmake_clean_first': False, 'cmake_force_configure': False, 'cmake_target': None, 'cmake_target_skip_unavailable': False, 'install_base': '/home/huy/ros_ws/install/my_robot_comms', 'merge_install': False, 'path': '/home/huy/ros_ws/src/my_robot_comms', 'symlink_install': True, 'test_result_base': None}
[1.720s] INFO:colcon.colcon_core.executor:Executing jobs using 'parallel' executor
[1.724s] DEBUG:colcon.colcon_parallel_executor.executor.parallel:run_until_complete
[1.725s] INFO:colcon.colcon_ros.task.ament_python.build:Building ROS package in '/home/huy/ros_ws/src/my_robot_comms' with build type 'ament_python'
[1.726s] Level 1:colcon.colcon_core.shell:create_environment_hook('my_robot_comms', 'ament_prefix_path')
[1.734s] INFO:colcon.colcon_core.plugin_system:Skipping extension 'colcon_core.shell.bat': Not used on non-Windows systems
[1.735s] INFO:colcon.colcon_core.shell:Creating environment hook '/home/huy/ros_ws/install/my_robot_comms/share/my_robot_comms/hook/ament_prefix_path.ps1'
[1.738s] INFO:colcon.colcon_core.shell:Creating environment descriptor '/home/huy/ros_ws/install/my_robot_comms/share/my_robot_comms/hook/ament_prefix_path.dsv'
[1.741s] INFO:colcon.colcon_core.shell:Creating environment hook '/home/huy/ros_ws/install/my_robot_comms/share/my_robot_comms/hook/ament_prefix_path.sh'
[1.747s] INFO:colcon.colcon_core.shell:Skip shell extension 'powershell' for command environment: Not usable outside of PowerShell
[1.747s] DEBUG:colcon.colcon_core.shell:Skip shell extension 'dsv' for command environment
[3.130s] INFO:colcon.colcon_core.task.python.build:Building Python package in '/home/huy/ros_ws/src/my_robot_comms'
[3.131s] INFO:colcon.colcon_core.shell:Skip shell extension 'powershell' for command environment: Not usable outside of PowerShell
[3.131s] DEBUG:colcon.colcon_core.shell:Skip shell extension 'dsv' for command environment
[4.818s] DEBUG:colcon.colcon_core.event_handler.log_command:Invoking command in '/home/huy/ros_ws/build/my_robot_comms': PYTHONPATH=/home/huy/ros_ws/build/my_robot_comms/prefix_override:/usr/lib/python3/dist-packages/colcon_core/task/python/colcon_distutils_commands:/home/huy/ros_ws/install/my_robot_comms/lib/python3.10/site-packages:${PYTHONPATH} /usr/bin/python3 -W ignore:setup.py install is deprecated -W ignore:easy_install command is deprecated setup.py develop --editable --build-directory /home/huy/ros_ws/build/my_robot_comms/build --no-deps symlink_data
[7.232s] Level 1:colcon.colcon_core.shell:create_environment_hook('my_robot_comms', 'pythonpath_develop')
[7.233s] INFO:colcon.colcon_core.shell:Creating environment hook '/home/huy/ros_ws/build/my_robot_comms/share/my_robot_comms/hook/pythonpath_develop.ps1'
[7.235s] DEBUG:colcon.colcon_core.event_handler.log_command:Invoked command in '/home/huy/ros_ws/build/my_robot_comms' returned '0': PYTHONPATH=/home/huy/ros_ws/build/my_robot_comms/prefix_override:/usr/lib/python3/dist-packages/colcon_core/task/python/colcon_distutils_commands:/home/huy/ros_ws/install/my_robot_comms/lib/python3.10/site-packages:${PYTHONPATH} /usr/bin/python3 -W ignore:setup.py install is deprecated -W ignore:easy_install command is deprecated setup.py develop --editable --build-directory /home/huy/ros_ws/build/my_robot_comms/build --no-deps symlink_data
[7.237s] INFO:colcon.colcon_core.shell:Creating environment descriptor '/home/huy/ros_ws/build/my_robot_comms/share/my_robot_comms/hook/pythonpath_develop.dsv'
[7.238s] INFO:colcon.colcon_core.shell:Creating environment hook '/home/huy/ros_ws/build/my_robot_comms/share/my_robot_comms/hook/pythonpath_develop.sh'
[7.252s] Level 1:colcon.colcon_core.environment:checking '/home/huy/ros_ws/install/my_robot_comms' for CMake module files
[7.255s] Level 1:colcon.colcon_core.environment:checking '/home/huy/ros_ws/install/my_robot_comms' for CMake config files
[7.258s] Level 1:colcon.colcon_core.environment:checking '/home/huy/ros_ws/install/my_robot_comms/lib'
[7.259s] Level 1:colcon.colcon_core.environment:checking '/home/huy/ros_ws/install/my_robot_comms/bin'
[7.259s] Level 1:colcon.colcon_core.environment:checking '/home/huy/ros_ws/install/my_robot_comms/lib/pkgconfig/my_robot_comms.pc'
[7.260s] Level 1:colcon.colcon_core.environment:checking '/home/huy/ros_ws/install/my_robot_comms/lib/python3.10/site-packages'
[7.260s] Level 1:colcon.colcon_core.shell:create_environment_hook('my_robot_comms', 'pythonpath')
[7.261s] INFO:colcon.colcon_core.shell:Creating environment hook '/home/huy/ros_ws/install/my_robot_comms/share/my_robot_comms/hook/pythonpath.ps1'
[7.263s] INFO:colcon.colcon_core.shell:Creating environment descriptor '/home/huy/ros_ws/install/my_robot_comms/share/my_robot_comms/hook/pythonpath.dsv'
[7.265s] INFO:colcon.colcon_core.shell:Creating environment hook '/home/huy/ros_ws/install/my_robot_comms/share/my_robot_comms/hook/pythonpath.sh'
[7.267s] Level 1:colcon.colcon_core.environment:checking '/home/huy/ros_ws/install/my_robot_comms/bin'
[7.268s] Level 1:colcon.colcon_core.environment:create_environment_scripts_only(my_robot_comms)
[7.269s] INFO:colcon.colcon_core.shell:Creating package script '/home/huy/ros_ws/install/my_robot_comms/share/my_robot_comms/package.ps1'
[7.273s] INFO:colcon.colcon_core.shell:Creating package descriptor '/home/huy/ros_ws/install/my_robot_comms/share/my_robot_comms/package.dsv'
[7.275s] INFO:colcon.colcon_core.shell:Creating package script '/home/huy/ros_ws/install/my_robot_comms/share/my_robot_comms/package.sh'
[7.278s] INFO:colcon.colcon_core.shell:Creating package script '/home/huy/ros_ws/install/my_robot_comms/share/my_robot_comms/package.bash'
[7.281s] INFO:colcon.colcon_core.shell:Creating package script '/home/huy/ros_ws/install/my_robot_comms/share/my_robot_comms/package.zsh'
[7.285s] Level 1:colcon.colcon_core.environment:create_file_with_runtime_dependencies(/home/huy/ros_ws/install/my_robot_comms/share/colcon-core/packages/my_robot_comms)
[7.286s] DEBUG:colcon.colcon_parallel_executor.executor.parallel:closing loop
[7.289s] DEBUG:colcon.colcon_parallel_executor.executor.parallel:loop closed
[7.289s] DEBUG:colcon.colcon_parallel_executor.executor.parallel:run_until_complete finished with '0'
[7.290s] DEBUG:colcon.colcon_core.event_reactor:joining thread
[7.316s] INFO:colcon.colcon_core.plugin_system:Skipping extension 'colcon_notification.desktop_notification.terminal_notifier': Not used on non-Darwin systems
[7.317s] INFO:colcon.colcon_core.plugin_system:Skipping extension 'colcon_notification.desktop_notification.win32': Not used on non-Windows systems
[7.317s] INFO:colcon.colcon_notification.desktop_notification:Sending desktop notification using 'notify2'
[7.389s] DEBUG:colcon.colcon_core.event_reactor:joined thread
[7.390s] INFO:colcon.colcon_core.shell:Creating prefix script '/home/huy/ros_ws/install/local_setup.ps1'
[7.395s] INFO:colcon.colcon_core.shell:Creating prefix util module '/home/huy/ros_ws/install/_local_setup_util_ps1.py'
[7.405s] INFO:colcon.colcon_core.shell:Creating prefix chain script '/home/huy/ros_ws/install/setup.ps1'
[7.411s] INFO:colcon.colcon_core.shell:Creating prefix script '/home/huy/ros_ws/install/local_setup.sh'
[7.415s] INFO:colcon.colcon_core.shell:Creating prefix util module '/home/huy/ros_ws/install/_local_setup_util_sh.py'
[7.418s] INFO:colcon.colcon_core.shell:Creating prefix chain script '/home/huy/ros_ws/install/setup.sh'
[7.423s] INFO:colcon.colcon_core.shell:Creating prefix script '/home/huy/ros_ws/install/local_setup.bash'
[7.426s] INFO:colcon.colcon_core.shell:Creating prefix chain script '/home/huy/ros_ws/install/setup.bash'
[7.433s] INFO:colcon.colcon_core.shell:Creating prefix script '/home/huy/ros_ws/install/local_setup.zsh'
[7.436s] INFO:colcon.colcon_core.shell:Creating prefix chain script '/home/huy/ros_ws/install/setup.zsh'
