running egg_info
creating ../../build/my_robot_comms/my_robot_comms.egg-info
writing ../../build/my_robot_comms/my_robot_comms.egg-info/PKG-INFO
writing dependency_links to ../../build/my_robot_comms/my_robot_comms.egg-info/dependency_links.txt
writing entry points to ../../build/my_robot_comms/my_robot_comms.egg-info/entry_points.txt
writing requirements to ../../build/my_robot_comms/my_robot_comms.egg-info/requires.txt
writing top-level names to ../../build/my_robot_comms/my_robot_comms.egg-info/top_level.txt
writing manifest file '../../build/my_robot_comms/my_robot_comms.egg-info/SOURCES.txt'
reading manifest file '../../build/my_robot_comms/my_robot_comms.egg-info/SOURCES.txt'
writing manifest file '../../build/my_robot_comms/my_robot_comms.egg-info/SOURCES.txt'
running build
running build_py
creating /home/huy/ros_ws/build/my_robot_comms/build
creating /home/huy/ros_ws/build/my_robot_comms/build/lib
creating /home/huy/ros_ws/build/my_robot_comms/build/lib/my_robot_comms
copying my_robot_comms/serial_bridge_node.py -> /home/huy/ros_ws/build/my_robot_comms/build/lib/my_robot_comms
copying my_robot_comms/__init__.py -> /home/huy/ros_ws/build/my_robot_comms/build/lib/my_robot_comms
copying my_robot_comms/handle_data_web.py -> /home/huy/ros_ws/build/my_robot_comms/build/lib/my_robot_comms
copying my_robot_comms/web_receiver.py -> /home/huy/ros_ws/build/my_robot_comms/build/lib/my_robot_comms
running install
running install_lib
creating /home/huy/ros_ws/install/my_robot_comms/lib/python3.10/site-packages/my_robot_comms
copying /home/huy/ros_ws/build/my_robot_comms/build/lib/my_robot_comms/serial_bridge_node.py -> /home/huy/ros_ws/install/my_robot_comms/lib/python3.10/site-packages/my_robot_comms
copying /home/huy/ros_ws/build/my_robot_comms/build/lib/my_robot_comms/__init__.py -> /home/huy/ros_ws/install/my_robot_comms/lib/python3.10/site-packages/my_robot_comms
copying /home/huy/ros_ws/build/my_robot_comms/build/lib/my_robot_comms/handle_data_web.py -> /home/huy/ros_ws/install/my_robot_comms/lib/python3.10/site-packages/my_robot_comms
copying /home/huy/ros_ws/build/my_robot_comms/build/lib/my_robot_comms/web_receiver.py -> /home/huy/ros_ws/install/my_robot_comms/lib/python3.10/site-packages/my_robot_comms
byte-compiling /home/huy/ros_ws/install/my_robot_comms/lib/python3.10/site-packages/my_robot_comms/serial_bridge_node.py to serial_bridge_node.cpython-310.pyc
byte-compiling /home/huy/ros_ws/install/my_robot_comms/lib/python3.10/site-packages/my_robot_comms/__init__.py to __init__.cpython-310.pyc
byte-compiling /home/huy/ros_ws/install/my_robot_comms/lib/python3.10/site-packages/my_robot_comms/handle_data_web.py to handle_data_web.cpython-310.pyc
byte-compiling /home/huy/ros_ws/install/my_robot_comms/lib/python3.10/site-packages/my_robot_comms/web_receiver.py to web_receiver.cpython-310.pyc
running install_data
creating /home/huy/ros_ws/install/my_robot_comms/share/ament_index
creating /home/huy/ros_ws/install/my_robot_comms/share/ament_index/resource_index
creating /home/huy/ros_ws/install/my_robot_comms/share/ament_index/resource_index/packages
copying resource/my_robot_comms -> /home/huy/ros_ws/install/my_robot_comms/share/ament_index/resource_index/packages
copying package.xml -> /home/huy/ros_ws/install/my_robot_comms/share/my_robot_comms
creating /home/huy/ros_ws/install/my_robot_comms/share/my_robot_comms/launch
copying launch/receiver.launch.py -> /home/huy/ros_ws/install/my_robot_comms/share/my_robot_comms/launch
running install_egg_info
Copying ../../build/my_robot_comms/my_robot_comms.egg-info to /home/huy/ros_ws/install/my_robot_comms/lib/python3.10/site-packages/my_robot_comms-0.0.0-py3.10.egg-info
running install_scripts
Installing handle_data_web script to /home/huy/ros_ws/install/my_robot_comms/lib/my_robot_comms
Installing serial_bridge script to /home/huy/ros_ws/install/my_robot_comms/lib/my_robot_comms
Installing web_receiver script to /home/huy/ros_ws/install/my_robot_comms/lib/my_robot_comms
writing list of installed files to '/home/huy/ros_ws/build/my_robot_comms/install.log'
