[4.599s] Invoking command in '/home/huy/ros_ws/src/my_robot_comms': PYTHONPATH=/home/huy/ros_ws/build/my_robot_comms/prefix_override:/usr/lib/python3/dist-packages/colcon_core/task/python/colcon_distutils_commands:/home/huy/ros_ws/install/my_robot_comms/lib/python3.10/site-packages:${PYTHONPATH} /usr/bin/python3 -W ignore:setup.py install is deprecated -W ignore:easy_install command is deprecated setup.py egg_info --egg-base ../../build/my_robot_comms build --build-base /home/huy/ros_ws/build/my_robot_comms/build install --record /home/huy/ros_ws/build/my_robot_comms/install.log --single-version-externally-managed install_data
[7.017s] running egg_info
[7.021s] creating ../../build/my_robot_comms/my_robot_comms.egg-info
[7.023s] writing ../../build/my_robot_comms/my_robot_comms.egg-info/PKG-INFO
[7.024s] writing dependency_links to ../../build/my_robot_comms/my_robot_comms.egg-info/dependency_links.txt
[7.025s] writing entry points to ../../build/my_robot_comms/my_robot_comms.egg-info/entry_points.txt
[7.029s] writing requirements to ../../build/my_robot_comms/my_robot_comms.egg-info/requires.txt
[7.030s] writing top-level names to ../../build/my_robot_comms/my_robot_comms.egg-info/top_level.txt
[7.030s] writing manifest file '../../build/my_robot_comms/my_robot_comms.egg-info/SOURCES.txt'
[7.057s] reading manifest file '../../build/my_robot_comms/my_robot_comms.egg-info/SOURCES.txt'
[7.061s] writing manifest file '../../build/my_robot_comms/my_robot_comms.egg-info/SOURCES.txt'
[7.062s] running build
[7.064s] running build_py
[7.065s] creating /home/huy/ros_ws/build/my_robot_comms/build
[7.066s] creating /home/huy/ros_ws/build/my_robot_comms/build/lib
[7.068s] creating /home/huy/ros_ws/build/my_robot_comms/build/lib/my_robot_comms
[7.068s] copying my_robot_comms/serial_bridge_node.py -> /home/huy/ros_ws/build/my_robot_comms/build/lib/my_robot_comms
[7.069s] copying my_robot_comms/__init__.py -> /home/huy/ros_ws/build/my_robot_comms/build/lib/my_robot_comms
[7.069s] copying my_robot_comms/handle_data_web.py -> /home/huy/ros_ws/build/my_robot_comms/build/lib/my_robot_comms
[7.070s] copying my_robot_comms/web_receiver.py -> /home/huy/ros_ws/build/my_robot_comms/build/lib/my_robot_comms
[7.075s] running install
[7.084s] running install_lib
[7.087s] creating /home/huy/ros_ws/install/my_robot_comms/lib/python3.10/site-packages/my_robot_comms
[7.091s] copying /home/huy/ros_ws/build/my_robot_comms/build/lib/my_robot_comms/serial_bridge_node.py -> /home/huy/ros_ws/install/my_robot_comms/lib/python3.10/site-packages/my_robot_comms
[7.092s] copying /home/huy/ros_ws/build/my_robot_comms/build/lib/my_robot_comms/__init__.py -> /home/huy/ros_ws/install/my_robot_comms/lib/python3.10/site-packages/my_robot_comms
[7.093s] copying /home/huy/ros_ws/build/my_robot_comms/build/lib/my_robot_comms/handle_data_web.py -> /home/huy/ros_ws/install/my_robot_comms/lib/python3.10/site-packages/my_robot_comms
[7.095s] copying /home/huy/ros_ws/build/my_robot_comms/build/lib/my_robot_comms/web_receiver.py -> /home/huy/ros_ws/install/my_robot_comms/lib/python3.10/site-packages/my_robot_comms
[7.103s] byte-compiling /home/huy/ros_ws/install/my_robot_comms/lib/python3.10/site-packages/my_robot_comms/serial_bridge_node.py to serial_bridge_node.cpython-310.pyc
[7.117s] byte-compiling /home/huy/ros_ws/install/my_robot_comms/lib/python3.10/site-packages/my_robot_comms/__init__.py to __init__.cpython-310.pyc
[7.119s] byte-compiling /home/huy/ros_ws/install/my_robot_comms/lib/python3.10/site-packages/my_robot_comms/handle_data_web.py to handle_data_web.cpython-310.pyc
[7.126s] byte-compiling /home/huy/ros_ws/install/my_robot_comms/lib/python3.10/site-packages/my_robot_comms/web_receiver.py to web_receiver.cpython-310.pyc
[7.132s] running install_data
[7.133s] creating /home/huy/ros_ws/install/my_robot_comms/share/ament_index
[7.134s] creating /home/huy/ros_ws/install/my_robot_comms/share/ament_index/resource_index
[7.134s] creating /home/huy/ros_ws/install/my_robot_comms/share/ament_index/resource_index/packages
[7.135s] copying resource/my_robot_comms -> /home/huy/ros_ws/install/my_robot_comms/share/ament_index/resource_index/packages
[7.137s] copying package.xml -> /home/huy/ros_ws/install/my_robot_comms/share/my_robot_comms
[7.138s] creating /home/huy/ros_ws/install/my_robot_comms/share/my_robot_comms/launch
[7.138s] copying launch/receiver.launch.py -> /home/huy/ros_ws/install/my_robot_comms/share/my_robot_comms/launch
[7.139s] running install_egg_info
[7.150s] Copying ../../build/my_robot_comms/my_robot_comms.egg-info to /home/huy/ros_ws/install/my_robot_comms/lib/python3.10/site-packages/my_robot_comms-0.0.0-py3.10.egg-info
[7.159s] running install_scripts
[7.287s] Installing handle_data_web script to /home/huy/ros_ws/install/my_robot_comms/lib/my_robot_comms
[7.288s] Installing serial_bridge script to /home/huy/ros_ws/install/my_robot_comms/lib/my_robot_comms
[7.289s] Installing web_receiver script to /home/huy/ros_ws/install/my_robot_comms/lib/my_robot_comms
[7.291s] writing list of installed files to '/home/huy/ros_ws/build/my_robot_comms/install.log'
[7.505s] Invoked command in '/home/huy/ros_ws/src/my_robot_comms' returned '0': PYTHONPATH=/home/huy/ros_ws/build/my_robot_comms/prefix_override:/usr/lib/python3/dist-packages/colcon_core/task/python/colcon_distutils_commands:/home/huy/ros_ws/install/my_robot_comms/lib/python3.10/site-packages:${PYTHONPATH} /usr/bin/python3 -W ignore:setup.py install is deprecated -W ignore:easy_install command is deprecated setup.py egg_info --egg-base ../../build/my_robot_comms build --build-base /home/huy/ros_ws/build/my_robot_comms/build install --record /home/huy/ros_ws/build/my_robot_comms/install.log --single-version-externally-managed install_data
