[1.019s] DEBUG:colcon:Command line arguments: ['/usr/bin/colcon', 'build', '--packages-select', 'my_robot_comms']
[1.020s] DEBUG:colcon:Parsed command line arguments: Namespace(log_base=None, log_level=None, verb_name='build', build_base='build', install_base='install', merge_install=False, symlink_install=False, test_result_base=None, continue_on_error=False, executor='parallel', parallel_workers=4, event_handlers=None, ignore_user_meta=False, metas=['./colcon.meta'], base_paths=['.'], packages_ignore=None, packages_ignore_regex=None, paths=None, packages_up_to=None, packages_up_to_regex=None, packages_above=None, packages_above_and_dependencies=None, packages_above_depth=None, packages_select_by_dep=None, packages_skip_by_dep=None, packages_skip_up_to=None, packages_select_build_failed=False, packages_skip_build_finished=False, packages_select_test_failures=False, packages_skip_test_passed=False, packages_select=['my_robot_comms'], packages_skip=None, packages_select_regex=None, packages_skip_regex=None, packages_start=None, packages_end=None, allow_overriding=[], cmake_args=None, cmake_target=None, cmake_target_skip_unavailable=False, cmake_clean_cache=False, cmake_clean_first=False, cmake_force_configure=False, ament_cmake_args=None, catkin_cmake_args=None, catkin_skip_building_tests=False, mixin_files=None, mixin=None, verb_parser=<colcon_mixin.mixin.mixin_argument.MixinArgumentDecorator object at 0xffff8c22a140>, verb_extension=<colcon_core.verb.build.BuildVerb object at 0xffff8c3df130>, main=<bound method BuildVerb.main of <colcon_core.verb.build.BuildVerb object at 0xffff8c3df130>>, mixin_verb=('build',))
[2.689s] Level 1:colcon.colcon_core.package_discovery:discover_packages(colcon_meta) check parameters
[2.689s] Level 1:colcon.colcon_core.package_discovery:discover_packages(recursive) check parameters
[2.689s] Level 1:colcon.colcon_core.package_discovery:discover_packages(ignore) check parameters
[2.690s] Level 1:colcon.colcon_core.package_discovery:discover_packages(path) check parameters
[2.690s] Level 1:colcon.colcon_core.package_discovery:discover_packages(colcon_meta) discover
[2.690s] Level 1:colcon.colcon_core.package_discovery:discover_packages(recursive) discover
[2.690s] INFO:colcon.colcon_core.package_discovery:Crawling recursively for packages in '/home/huy/ros_ws'
[2.691s] Level 1:colcon.colcon_core.package_identification:_identify(.) by extensions ['ignore', 'ignore_ament_install']
[2.692s] Level 1:colcon.colcon_core.package_identification:_identify(.) by extension 'ignore'
[2.692s] Level 1:colcon.colcon_core.package_identification:_identify(.) by extension 'ignore_ament_install'
[2.693s] Level 1:colcon.colcon_core.package_identification:_identify(.) by extensions ['colcon_pkg']
[2.693s] Level 1:colcon.colcon_core.package_identification:_identify(.) by extension 'colcon_pkg'
[2.693s] Level 1:colcon.colcon_core.package_identification:_identify(.) by extensions ['colcon_meta']
[2.693s] Level 1:colcon.colcon_core.package_identification:_identify(.) by extension 'colcon_meta'
[2.694s] Level 1:colcon.colcon_core.package_identification:_identify(.) by extensions ['ros']
[2.694s] Level 1:colcon.colcon_core.package_identification:_identify(.) by extension 'ros'
[2.765s] Level 1:colcon.colcon_core.package_identification:_identify(.) by extensions ['cmake', 'python']
[2.766s] Level 1:colcon.colcon_core.package_identification:_identify(.) by extension 'cmake'
[2.766s] Level 1:colcon.colcon_core.package_identification:_identify(.) by extension 'python'
[2.767s] Level 1:colcon.colcon_core.package_identification:_identify(.) by extensions ['python_setup_py']
[2.767s] Level 1:colcon.colcon_core.package_identification:_identify(.) by extension 'python_setup_py'
[2.768s] Level 1:colcon.colcon_core.package_identification:_identify(build) by extensions ['ignore', 'ignore_ament_install']
[2.770s] Level 1:colcon.colcon_core.package_identification:_identify(build) by extension 'ignore'
[2.771s] Level 1:colcon.colcon_core.package_identification:_identify(build) ignored
[2.774s] Level 1:colcon.colcon_core.package_identification:_identify(install) by extensions ['ignore', 'ignore_ament_install']
[2.775s] Level 1:colcon.colcon_core.package_identification:_identify(install) by extension 'ignore'
[2.776s] Level 1:colcon.colcon_core.package_identification:_identify(install) ignored
[2.779s] Level 1:colcon.colcon_core.package_identification:_identify(log) by extensions ['ignore', 'ignore_ament_install']
[2.780s] Level 1:colcon.colcon_core.package_identification:_identify(log) by extension 'ignore'
[2.781s] Level 1:colcon.colcon_core.package_identification:_identify(log) ignored
[2.782s] Level 1:colcon.colcon_core.package_identification:_identify(src) by extensions ['ignore', 'ignore_ament_install']
[2.783s] Level 1:colcon.colcon_core.package_identification:_identify(src) by extension 'ignore'
[2.784s] Level 1:colcon.colcon_core.package_identification:_identify(src) by extension 'ignore_ament_install'
[2.784s] Level 1:colcon.colcon_core.package_identification:_identify(src) by extensions ['colcon_pkg']
[2.785s] Level 1:colcon.colcon_core.package_identification:_identify(src) by extension 'colcon_pkg'
[2.786s] Level 1:colcon.colcon_core.package_identification:_identify(src) by extensions ['colcon_meta']
[2.787s] Level 1:colcon.colcon_core.package_identification:_identify(src) by extension 'colcon_meta'
[2.788s] Level 1:colcon.colcon_core.package_identification:_identify(src) by extensions ['ros']
[2.788s] Level 1:colcon.colcon_core.package_identification:_identify(src) by extension 'ros'
[2.789s] Level 1:colcon.colcon_core.package_identification:_identify(src) by extensions ['cmake', 'python']
[2.790s] Level 1:colcon.colcon_core.package_identification:_identify(src) by extension 'cmake'
[2.791s] Level 1:colcon.colcon_core.package_identification:_identify(src) by extension 'python'
[2.791s] Level 1:colcon.colcon_core.package_identification:_identify(src) by extensions ['python_setup_py']
[2.792s] Level 1:colcon.colcon_core.package_identification:_identify(src) by extension 'python_setup_py'
[2.793s] Level 1:colcon.colcon_core.package_identification:_identify(src/mqtt_bridge) by extensions ['ignore', 'ignore_ament_install']
[2.794s] Level 1:colcon.colcon_core.package_identification:_identify(src/mqtt_bridge) by extension 'ignore'
[2.795s] Level 1:colcon.colcon_core.package_identification:_identify(src/mqtt_bridge) by extension 'ignore_ament_install'
[2.795s] Level 1:colcon.colcon_core.package_identification:_identify(src/mqtt_bridge) by extensions ['colcon_pkg']
[2.796s] Level 1:colcon.colcon_core.package_identification:_identify(src/mqtt_bridge) by extension 'colcon_pkg'
[2.796s] Level 1:colcon.colcon_core.package_identification:_identify(src/mqtt_bridge) by extensions ['colcon_meta']
[2.796s] Level 1:colcon.colcon_core.package_identification:_identify(src/mqtt_bridge) by extension 'colcon_meta'
[2.797s] Level 1:colcon.colcon_core.package_identification:_identify(src/mqtt_bridge) by extensions ['ros']
[2.797s] Level 1:colcon.colcon_core.package_identification:_identify(src/mqtt_bridge) by extension 'ros'
[2.810s] DEBUG:colcon.colcon_core.package_identification:Package 'src/mqtt_bridge' with type 'ros.ament_python' and name 'mqtt_bridge'
[2.811s] Level 1:colcon.colcon_core.package_identification:_identify(src/my_python_pkg) by extensions ['ignore', 'ignore_ament_install']
[2.812s] Level 1:colcon.colcon_core.package_identification:_identify(src/my_python_pkg) by extension 'ignore'
[2.812s] Level 1:colcon.colcon_core.package_identification:_identify(src/my_python_pkg) by extension 'ignore_ament_install'
[2.813s] Level 1:colcon.colcon_core.package_identification:_identify(src/my_python_pkg) by extensions ['colcon_pkg']
[2.813s] Level 1:colcon.colcon_core.package_identification:_identify(src/my_python_pkg) by extension 'colcon_pkg'
[2.813s] Level 1:colcon.colcon_core.package_identification:_identify(src/my_python_pkg) by extensions ['colcon_meta']
[2.814s] Level 1:colcon.colcon_core.package_identification:_identify(src/my_python_pkg) by extension 'colcon_meta'
[2.814s] Level 1:colcon.colcon_core.package_identification:_identify(src/my_python_pkg) by extensions ['ros']
[2.815s] Level 1:colcon.colcon_core.package_identification:_identify(src/my_python_pkg) by extension 'ros'
[2.819s] DEBUG:colcon.colcon_core.package_identification:Package 'src/my_python_pkg' with type 'ros.ament_python' and name 'my_python_pkg'
[2.820s] Level 1:colcon.colcon_core.package_identification:_identify(src/my_robot_comms) by extensions ['ignore', 'ignore_ament_install']
[2.821s] Level 1:colcon.colcon_core.package_identification:_identify(src/my_robot_comms) by extension 'ignore'
[2.822s] Level 1:colcon.colcon_core.package_identification:_identify(src/my_robot_comms) by extension 'ignore_ament_install'
[2.823s] Level 1:colcon.colcon_core.package_identification:_identify(src/my_robot_comms) by extensions ['colcon_pkg']
[2.823s] Level 1:colcon.colcon_core.package_identification:_identify(src/my_robot_comms) by extension 'colcon_pkg'
[2.824s] Level 1:colcon.colcon_core.package_identification:_identify(src/my_robot_comms) by extensions ['colcon_meta']
[2.824s] Level 1:colcon.colcon_core.package_identification:_identify(src/my_robot_comms) by extension 'colcon_meta'
[2.825s] Level 1:colcon.colcon_core.package_identification:_identify(src/my_robot_comms) by extensions ['ros']
[2.825s] Level 1:colcon.colcon_core.package_identification:_identify(src/my_robot_comms) by extension 'ros'
[2.829s] DEBUG:colcon.colcon_core.package_identification:Package 'src/my_robot_comms' with type 'ros.ament_python' and name 'my_robot_comms'
[2.830s] Level 1:colcon.colcon_core.package_identification:_identify(src/my_robot_description) by extensions ['ignore', 'ignore_ament_install']
[2.831s] Level 1:colcon.colcon_core.package_identification:_identify(src/my_robot_description) by extension 'ignore'
[2.832s] Level 1:colcon.colcon_core.package_identification:_identify(src/my_robot_description) by extension 'ignore_ament_install'
[2.833s] Level 1:colcon.colcon_core.package_identification:_identify(src/my_robot_description) by extensions ['colcon_pkg']
[2.833s] Level 1:colcon.colcon_core.package_identification:_identify(src/my_robot_description) by extension 'colcon_pkg'
[2.834s] Level 1:colcon.colcon_core.package_identification:_identify(src/my_robot_description) by extensions ['colcon_meta']
[2.834s] Level 1:colcon.colcon_core.package_identification:_identify(src/my_robot_description) by extension 'colcon_meta'
[2.834s] Level 1:colcon.colcon_core.package_identification:_identify(src/my_robot_description) by extensions ['ros']
[2.835s] Level 1:colcon.colcon_core.package_identification:_identify(src/my_robot_description) by extension 'ros'
[2.838s] DEBUG:colcon.colcon_core.package_identification:Package 'src/my_robot_description' with type 'ros.ament_cmake' and name 'my_robot_description'
[2.839s] Level 1:colcon.colcon_core.package_identification:_identify(src/rplidar_ros) by extensions ['ignore', 'ignore_ament_install']
[2.840s] Level 1:colcon.colcon_core.package_identification:_identify(src/rplidar_ros) by extension 'ignore'
[2.841s] Level 1:colcon.colcon_core.package_identification:_identify(src/rplidar_ros) by extension 'ignore_ament_install'
[2.842s] Level 1:colcon.colcon_core.package_identification:_identify(src/rplidar_ros) by extensions ['colcon_pkg']
[2.842s] Level 1:colcon.colcon_core.package_identification:_identify(src/rplidar_ros) by extension 'colcon_pkg'
[2.843s] Level 1:colcon.colcon_core.package_identification:_identify(src/rplidar_ros) by extensions ['colcon_meta']
[2.843s] Level 1:colcon.colcon_core.package_identification:_identify(src/rplidar_ros) by extension 'colcon_meta'
[2.844s] Level 1:colcon.colcon_core.package_identification:_identify(src/rplidar_ros) by extensions ['ros']
[2.844s] Level 1:colcon.colcon_core.package_identification:_identify(src/rplidar_ros) by extension 'ros'
[2.848s] DEBUG:colcon.colcon_core.package_identification:Package 'src/rplidar_ros' with type 'ros.ament_cmake' and name 'rplidar_ros'
[2.849s] Level 1:colcon.colcon_core.package_discovery:discover_packages(recursive) using defaults
[2.849s] Level 1:colcon.colcon_core.package_discovery:discover_packages(ignore) discover
[2.850s] Level 1:colcon.colcon_core.package_discovery:discover_packages(ignore) using defaults
[2.850s] Level 1:colcon.colcon_core.package_discovery:discover_packages(path) discover
[2.850s] Level 1:colcon.colcon_core.package_discovery:discover_packages(path) using defaults
[3.012s] INFO:colcon.colcon_core.package_selection:Skipping not selected package 'mqtt_bridge' in 'src/mqtt_bridge'
[3.013s] INFO:colcon.colcon_core.package_selection:Skipping not selected package 'my_python_pkg' in 'src/my_python_pkg'
[3.013s] INFO:colcon.colcon_core.package_selection:Skipping not selected package 'my_robot_description' in 'src/my_robot_description'
[3.013s] INFO:colcon.colcon_core.package_selection:Skipping not selected package 'rplidar_ros' in 'src/rplidar_ros'
[3.016s] Level 1:colcon.colcon_core.package_discovery:discover_packages(prefix_path) check parameters
[3.016s] Level 1:colcon.colcon_core.package_discovery:discover_packages(prefix_path) discover
[3.023s] WARNING:colcon.colcon_ros.prefix_path.ament:The path '/home/huy/ros_ws/install/my_robot_comms' in the environment variable AMENT_PREFIX_PATH doesn't exist
[3.029s] DEBUG:colcon.colcon_installed_package_information.package_discovery:Found 0 installed packages in /home/huy/ros_ws/install
[3.042s] DEBUG:colcon.colcon_installed_package_information.package_discovery:Found 332 installed packages in /opt/ros/humble
[3.052s] Level 1:colcon.colcon_core.package_discovery:discover_packages(prefix_path) using defaults
[3.406s] Level 5:colcon.colcon_core.verb:set package 'my_robot_comms' build argument 'cmake_args' from command line to 'None'
[3.407s] Level 5:colcon.colcon_core.verb:set package 'my_robot_comms' build argument 'cmake_target' from command line to 'None'
[3.407s] Level 5:colcon.colcon_core.verb:set package 'my_robot_comms' build argument 'cmake_target_skip_unavailable' from command line to 'False'
[3.407s] Level 5:colcon.colcon_core.verb:set package 'my_robot_comms' build argument 'cmake_clean_cache' from command line to 'False'
[3.408s] Level 5:colcon.colcon_core.verb:set package 'my_robot_comms' build argument 'cmake_clean_first' from command line to 'False'
[3.408s] Level 5:colcon.colcon_core.verb:set package 'my_robot_comms' build argument 'cmake_force_configure' from command line to 'False'
[3.408s] Level 5:colcon.colcon_core.verb:set package 'my_robot_comms' build argument 'ament_cmake_args' from command line to 'None'
[3.408s] Level 5:colcon.colcon_core.verb:set package 'my_robot_comms' build argument 'catkin_cmake_args' from command line to 'None'
[3.408s] Level 5:colcon.colcon_core.verb:set package 'my_robot_comms' build argument 'catkin_skip_building_tests' from command line to 'False'
[3.409s] DEBUG:colcon.colcon_core.verb:Building package 'my_robot_comms' with the following arguments: {'ament_cmake_args': None, 'build_base': '/home/huy/ros_ws/build/my_robot_comms', 'catkin_cmake_args': None, 'catkin_skip_building_tests': False, 'cmake_args': None, 'cmake_clean_cache': False, 'cmake_clean_first': False, 'cmake_force_configure': False, 'cmake_target': None, 'cmake_target_skip_unavailable': False, 'install_base': '/home/huy/ros_ws/install/my_robot_comms', 'merge_install': False, 'path': '/home/huy/ros_ws/src/my_robot_comms', 'symlink_install': False, 'test_result_base': None}
[3.410s] INFO:colcon.colcon_core.executor:Executing jobs using 'parallel' executor
[3.414s] DEBUG:colcon.colcon_parallel_executor.executor.parallel:run_until_complete
[3.415s] INFO:colcon.colcon_ros.task.ament_python.build:Building ROS package in '/home/huy/ros_ws/src/my_robot_comms' with build type 'ament_python'
[3.417s] Level 1:colcon.colcon_core.shell:create_environment_hook('my_robot_comms', 'ament_prefix_path')
[3.431s] INFO:colcon.colcon_core.plugin_system:Skipping extension 'colcon_core.shell.bat': Not used on non-Windows systems
[3.432s] INFO:colcon.colcon_core.shell:Creating environment hook '/home/huy/ros_ws/install/my_robot_comms/share/my_robot_comms/hook/ament_prefix_path.ps1'
[3.436s] INFO:colcon.colcon_core.shell:Creating environment descriptor '/home/huy/ros_ws/install/my_robot_comms/share/my_robot_comms/hook/ament_prefix_path.dsv'
[3.439s] INFO:colcon.colcon_core.shell:Creating environment hook '/home/huy/ros_ws/install/my_robot_comms/share/my_robot_comms/hook/ament_prefix_path.sh'
[3.444s] INFO:colcon.colcon_core.shell:Skip shell extension 'powershell' for command environment: Not usable outside of PowerShell
[3.445s] DEBUG:colcon.colcon_core.shell:Skip shell extension 'dsv' for command environment
[5.241s] INFO:colcon.colcon_core.task.python.build:Building Python package in '/home/huy/ros_ws/src/my_robot_comms'
[5.243s] INFO:colcon.colcon_core.shell:Skip shell extension 'powershell' for command environment: Not usable outside of PowerShell
[5.243s] DEBUG:colcon.colcon_core.shell:Skip shell extension 'dsv' for command environment
[7.491s] DEBUG:colcon.colcon_core.event_handler.log_command:Invoking command in '/home/huy/ros_ws/src/my_robot_comms': PYTHONPATH=/home/huy/ros_ws/build/my_robot_comms/prefix_override:/usr/lib/python3/dist-packages/colcon_core/task/python/colcon_distutils_commands:/home/huy/ros_ws/install/my_robot_comms/lib/python3.10/site-packages:${PYTHONPATH} /usr/bin/python3 -W ignore:setup.py install is deprecated -W ignore:easy_install command is deprecated setup.py egg_info --egg-base ../../build/my_robot_comms build --build-base /home/huy/ros_ws/build/my_robot_comms/build install --record /home/huy/ros_ws/build/my_robot_comms/install.log --single-version-externally-managed install_data
[9.227s] DEBUG:colcon.colcon_core.event_handler.log_command:Invoked command in '/home/huy/ros_ws/src/my_robot_comms' returned '0': PYTHONPATH=/home/huy/ros_ws/build/my_robot_comms/prefix_override:/usr/lib/python3/dist-packages/colcon_core/task/python/colcon_distutils_commands:/home/huy/ros_ws/install/my_robot_comms/lib/python3.10/site-packages:${PYTHONPATH} /usr/bin/python3 -W ignore:setup.py install is deprecated -W ignore:easy_install command is deprecated setup.py egg_info --egg-base ../../build/my_robot_comms build --build-base /home/huy/ros_ws/build/my_robot_comms/build install --record /home/huy/ros_ws/build/my_robot_comms/install.log --single-version-externally-managed install_data
[9.233s] Level 1:colcon.colcon_core.environment:checking '/home/huy/ros_ws/install/my_robot_comms' for CMake module files
[9.235s] Level 1:colcon.colcon_core.environment:checking '/home/huy/ros_ws/install/my_robot_comms' for CMake config files
[9.239s] Level 1:colcon.colcon_core.environment:checking '/home/huy/ros_ws/install/my_robot_comms/lib'
[9.240s] Level 1:colcon.colcon_core.environment:checking '/home/huy/ros_ws/install/my_robot_comms/bin'
[9.240s] Level 1:colcon.colcon_core.environment:checking '/home/huy/ros_ws/install/my_robot_comms/lib/pkgconfig/my_robot_comms.pc'
[9.241s] Level 1:colcon.colcon_core.environment:checking '/home/huy/ros_ws/install/my_robot_comms/lib/python3.10/site-packages'
[9.242s] Level 1:colcon.colcon_core.shell:create_environment_hook('my_robot_comms', 'pythonpath')
[9.243s] INFO:colcon.colcon_core.shell:Creating environment hook '/home/huy/ros_ws/install/my_robot_comms/share/my_robot_comms/hook/pythonpath.ps1'
[9.245s] INFO:colcon.colcon_core.shell:Creating environment descriptor '/home/huy/ros_ws/install/my_robot_comms/share/my_robot_comms/hook/pythonpath.dsv'
[9.247s] INFO:colcon.colcon_core.shell:Creating environment hook '/home/huy/ros_ws/install/my_robot_comms/share/my_robot_comms/hook/pythonpath.sh'
[9.250s] Level 1:colcon.colcon_core.environment:checking '/home/huy/ros_ws/install/my_robot_comms/bin'
[9.250s] Level 1:colcon.colcon_core.environment:create_environment_scripts_only(my_robot_comms)
[9.251s] INFO:colcon.colcon_core.shell:Creating package script '/home/huy/ros_ws/install/my_robot_comms/share/my_robot_comms/package.ps1'
[9.255s] INFO:colcon.colcon_core.shell:Creating package descriptor '/home/huy/ros_ws/install/my_robot_comms/share/my_robot_comms/package.dsv'
[9.257s] INFO:colcon.colcon_core.shell:Creating package script '/home/huy/ros_ws/install/my_robot_comms/share/my_robot_comms/package.sh'
[9.260s] INFO:colcon.colcon_core.shell:Creating package script '/home/huy/ros_ws/install/my_robot_comms/share/my_robot_comms/package.bash'
[9.263s] INFO:colcon.colcon_core.shell:Creating package script '/home/huy/ros_ws/install/my_robot_comms/share/my_robot_comms/package.zsh'
[9.265s] Level 1:colcon.colcon_core.environment:create_file_with_runtime_dependencies(/home/huy/ros_ws/install/my_robot_comms/share/colcon-core/packages/my_robot_comms)
[9.267s] DEBUG:colcon.colcon_parallel_executor.executor.parallel:closing loop
[9.268s] DEBUG:colcon.colcon_parallel_executor.executor.parallel:loop closed
[9.268s] DEBUG:colcon.colcon_parallel_executor.executor.parallel:run_until_complete finished with '0'
[9.269s] DEBUG:colcon.colcon_core.event_reactor:joining thread
[9.292s] INFO:colcon.colcon_core.plugin_system:Skipping extension 'colcon_notification.desktop_notification.terminal_notifier': Not used on non-Darwin systems
[9.293s] INFO:colcon.colcon_core.plugin_system:Skipping extension 'colcon_notification.desktop_notification.win32': Not used on non-Windows systems
[9.293s] INFO:colcon.colcon_notification.desktop_notification:Sending desktop notification using 'notify2'
[9.374s] DEBUG:colcon.colcon_core.event_reactor:joined thread
[9.375s] INFO:colcon.colcon_core.shell:Creating prefix script '/home/huy/ros_ws/install/local_setup.ps1'
[9.380s] INFO:colcon.colcon_core.shell:Creating prefix util module '/home/huy/ros_ws/install/_local_setup_util_ps1.py'
[9.391s] INFO:colcon.colcon_core.shell:Creating prefix chain script '/home/huy/ros_ws/install/setup.ps1'
[9.396s] INFO:colcon.colcon_core.shell:Creating prefix script '/home/huy/ros_ws/install/local_setup.sh'
[9.400s] INFO:colcon.colcon_core.shell:Creating prefix util module '/home/huy/ros_ws/install/_local_setup_util_sh.py'
[9.404s] INFO:colcon.colcon_core.shell:Creating prefix chain script '/home/huy/ros_ws/install/setup.sh'
[9.409s] INFO:colcon.colcon_core.shell:Creating prefix script '/home/huy/ros_ws/install/local_setup.bash'
[9.412s] INFO:colcon.colcon_core.shell:Creating prefix chain script '/home/huy/ros_ws/install/setup.bash'
[9.417s] INFO:colcon.colcon_core.shell:Creating prefix script '/home/huy/ros_ws/install/local_setup.zsh'
[9.420s] INFO:colcon.colcon_core.shell:Creating prefix chain script '/home/huy/ros_ws/install/setup.zsh'
